Archive member included to satisfy reference by file (symbol)

/opt/st/stm32cubeide_1.11.2/plugins/com.st.stm32cube.ide.mcu.externaltools.gnu-tools-for-stm32.10.3-2021.10.linux64_1.0.100.202210260954/tools/bin/../lib/gcc/arm-none-eabi/10.3.1/../../../../arm-none-eabi/lib/thumb/v7e-m+fp/hard/libc_nano.a(lib_a-atoi.o)
                              ./Core/Src/main.o (atoi)
/opt/st/stm32cubeide_1.11.2/plugins/com.st.stm32cube.ide.mcu.externaltools.gnu-tools-for-stm32.10.3-2021.10.linux64_1.0.100.202210260954/tools/bin/../lib/gcc/arm-none-eabi/10.3.1/../../../../arm-none-eabi/lib/thumb/v7e-m+fp/hard/libc_nano.a(lib_a-errno.o)
                              ./Core/Src/syscalls.o (__errno)
/opt/st/stm32cubeide_1.11.2/plugins/com.st.stm32cube.ide.mcu.externaltools.gnu-tools-for-stm32.10.3-2021.10.linux64_1.0.100.202210260954/tools/bin/../lib/gcc/arm-none-eabi/10.3.1/../../../../arm-none-eabi/lib/thumb/v7e-m+fp/hard/libc_nano.a(lib_a-exit.o)
                              /opt/st/stm32cubeide_1.11.2/plugins/com.st.stm32cube.ide.mcu.externaltools.gnu-tools-for-stm32.10.3-2021.10.linux64_1.0.100.202210260954/tools/bin/../lib/gcc/arm-none-eabi/10.3.1/../../../../arm-none-eabi/lib/thumb/v7e-m+fp/hard/crt0.o (exit)
/opt/st/stm32cubeide_1.11.2/plugins/com.st.stm32cube.ide.mcu.externaltools.gnu-tools-for-stm32.10.3-2021.10.linux64_1.0.100.202210260954/tools/bin/../lib/gcc/arm-none-eabi/10.3.1/../../../../arm-none-eabi/lib/thumb/v7e-m+fp/hard/libc_nano.a(lib_a-impure.o)
                              /opt/st/stm32cubeide_1.11.2/plugins/com.st.stm32cube.ide.mcu.externaltools.gnu-tools-for-stm32.10.3-2021.10.linux64_1.0.100.202210260954/tools/bin/../lib/gcc/arm-none-eabi/10.3.1/../../../../arm-none-eabi/lib/thumb/v7e-m+fp/hard/libc_nano.a(lib_a-exit.o) (_global_impure_ptr)
/opt/st/stm32cubeide_1.11.2/plugins/com.st.stm32cube.ide.mcu.externaltools.gnu-tools-for-stm32.10.3-2021.10.linux64_1.0.100.202210260954/tools/bin/../lib/gcc/arm-none-eabi/10.3.1/../../../../arm-none-eabi/lib/thumb/v7e-m+fp/hard/libc_nano.a(lib_a-init.o)
                              /opt/st/stm32cubeide_1.11.2/plugins/com.st.stm32cube.ide.mcu.externaltools.gnu-tools-for-stm32.10.3-2021.10.linux64_1.0.100.202210260954/tools/bin/../lib/gcc/arm-none-eabi/10.3.1/../../../../arm-none-eabi/lib/thumb/v7e-m+fp/hard/crt0.o (__libc_init_array)
/opt/st/stm32cubeide_1.11.2/plugins/com.st.stm32cube.ide.mcu.externaltools.gnu-tools-for-stm32.10.3-2021.10.linux64_1.0.100.202210260954/tools/bin/../lib/gcc/arm-none-eabi/10.3.1/../../../../arm-none-eabi/lib/thumb/v7e-m+fp/hard/libc_nano.a(lib_a-malloc.o)
                              ./Core/Src/main.o (free)
/opt/st/stm32cubeide_1.11.2/plugins/com.st.stm32cube.ide.mcu.externaltools.gnu-tools-for-stm32.10.3-2021.10.linux64_1.0.100.202210260954/tools/bin/../lib/gcc/arm-none-eabi/10.3.1/../../../../arm-none-eabi/lib/thumb/v7e-m+fp/hard/libc_nano.a(lib_a-memset.o)
                              /opt/st/stm32cubeide_1.11.2/plugins/com.st.stm32cube.ide.mcu.externaltools.gnu-tools-for-stm32.10.3-2021.10.linux64_1.0.100.202210260954/tools/bin/../lib/gcc/arm-none-eabi/10.3.1/../../../../arm-none-eabi/lib/thumb/v7e-m+fp/hard/crt0.o (memset)
/opt/st/stm32cubeide_1.11.2/plugins/com.st.stm32cube.ide.mcu.externaltools.gnu-tools-for-stm32.10.3-2021.10.linux64_1.0.100.202210260954/tools/bin/../lib/gcc/arm-none-eabi/10.3.1/../../../../arm-none-eabi/lib/thumb/v7e-m+fp/hard/libc_nano.a(lib_a-nano-freer.o)
                              /opt/st/stm32cubeide_1.11.2/plugins/com.st.stm32cube.ide.mcu.externaltools.gnu-tools-for-stm32.10.3-2021.10.linux64_1.0.100.202210260954/tools/bin/../lib/gcc/arm-none-eabi/10.3.1/../../../../arm-none-eabi/lib/thumb/v7e-m+fp/hard/libc_nano.a(lib_a-malloc.o) (_free_r)
/opt/st/stm32cubeide_1.11.2/plugins/com.st.stm32cube.ide.mcu.externaltools.gnu-tools-for-stm32.10.3-2021.10.linux64_1.0.100.202210260954/tools/bin/../lib/gcc/arm-none-eabi/10.3.1/../../../../arm-none-eabi/lib/thumb/v7e-m+fp/hard/libc_nano.a(lib_a-nano-mallocr.o)
                              /opt/st/stm32cubeide_1.11.2/plugins/com.st.stm32cube.ide.mcu.externaltools.gnu-tools-for-stm32.10.3-2021.10.linux64_1.0.100.202210260954/tools/bin/../lib/gcc/arm-none-eabi/10.3.1/../../../../arm-none-eabi/lib/thumb/v7e-m+fp/hard/libc_nano.a(lib_a-malloc.o) (_malloc_r)
/opt/st/stm32cubeide_1.11.2/plugins/com.st.stm32cube.ide.mcu.externaltools.gnu-tools-for-stm32.10.3-2021.10.linux64_1.0.100.202210260954/tools/bin/../lib/gcc/arm-none-eabi/10.3.1/../../../../arm-none-eabi/lib/thumb/v7e-m+fp/hard/libc_nano.a(lib_a-sbrkr.o)
                              /opt/st/stm32cubeide_1.11.2/plugins/com.st.stm32cube.ide.mcu.externaltools.gnu-tools-for-stm32.10.3-2021.10.linux64_1.0.100.202210260954/tools/bin/../lib/gcc/arm-none-eabi/10.3.1/../../../../arm-none-eabi/lib/thumb/v7e-m+fp/hard/libc_nano.a(lib_a-nano-mallocr.o) (_sbrk_r)
[...]
Memory Configuration

Name             Origin             Length             Attributes
CCMRAM           0x0000000010000000 0x0000000000002000 xrw
RAM              0x0000000020000000 0x000000000000a000 xrw
FLASH            0x0000000008000000 0x0000000000040000 xr
*default*        0x0000000000000000 0xffffffffffffffff

Linker script and memory map

LOAD /opt/st/stm32cubeide_1.11.2/plugins/com.st.stm32cube.ide.mcu.externaltools.gnu-tools-for-stm32.10.3-2021.10.linux64_1.0.100.202210260954/tools/bin/../lib/gcc/arm-none-eabi/10.3.1/thumb/v7e-m+fp/hard/crti.o
LOAD /opt/st/stm32cubeide_1.11.2/plugins/com.st.stm32cube.ide.mcu.externaltools.gnu-tools-for-stm32.10.3-2021.10.linux64_1.0.100.202210260954/tools/bin/../lib/gcc/arm-none-eabi/10.3.1/thumb/v7e-m+fp/hard/crtbegin.o
LOAD /opt/st/stm32cubeide_1.11.2/plugins/com.st.stm32cube.ide.mcu.externaltools.gnu-tools-for-stm32.10.3-2021.10.linux64_1.0.100.202210260954/tools/bin/../lib/gcc/arm-none-eabi/10.3.1/../../../../arm-none-eabi/lib/thumb/v7e-m+fp/hard/crt0.o
LOAD ./Core/Src/LiquidCrystal.o
LOAD ./Core/Src/main.o
LOAD ./Core/Src/program.o
LOAD ./Core/Src/stm32f3xx_hal_msp.o
LOAD ./Core/Src/stm32f3xx_it.o
LOAD ./Core/Src/syscalls.o
LOAD ./Core/Src/sysmem.o
LOAD ./Core/Src/system_stm32f3xx.o
LOAD ./Core/Startup/startup_stm32f303vctx.o
LOAD ./Drivers/STM32F3xx_HAL_Driver/Src/stm32f3xx_hal.o
LOAD ./Drivers/STM32F3xx_HAL_Driver/Src/stm32f3xx_hal_cortex.o
LOAD ./Drivers/STM32F3xx_HAL_Driver/Src/stm32f3xx_hal_dma.o
LOAD ./Drivers/STM32F3xx_HAL_Driver/Src/stm32f3xx_hal_exti.o
LOAD ./Drivers/STM32F3xx_HAL_Driver/Src/stm32f3xx_hal_flash.o
LOAD ./Drivers/STM32F3xx_HAL_Driver/Src/stm32f3xx_hal_flash_ex.o
LOAD ./Drivers/STM32F3xx_HAL_Driver/Src/stm32f3xx_hal_gpio.o
LOAD ./Drivers/STM32F3xx_HAL_Driver/Src/stm32f3xx_hal_i2c.o
LOAD ./Drivers/STM32F3xx_HAL_Driver/Src/stm32f3xx_hal_i2c_ex.o
LOAD ./Drivers/STM32F3xx_HAL_Driver/Src/stm32f3xx_hal_pwr.o
LOAD ./Drivers/STM32F3xx_HAL_Driver/Src/stm32f3xx_hal_pwr_ex.o
LOAD ./Drivers/STM32F3xx_HAL_Driver/Src/stm32f3xx_hal_rcc.o
LOAD ./Drivers/STM32F3xx_HAL_Driver/Src/stm32f3xx_hal_rcc_ex.o
LOAD ./Drivers/STM32F3xx_HAL_Driver/Src/stm32f3xx_hal_rtc.o
LOAD ./Drivers/STM32F3xx_HAL_Driver/Src/stm32f3xx_hal_rtc_ex.o
LOAD ./Drivers/STM32F3xx_HAL_Driver/Src/stm32f3xx_hal_tim.o
LOAD ./Drivers/STM32F3xx_HAL_Driver/Src/stm32f3xx_hal_tim_ex.o
LOAD ./Drivers/STM32F3xx_HAL_Driver/Src/stm32f3xx_hal_uart.o
LOAD ./Drivers/STM32F3xx_HAL_Driver/Src/stm32f3xx_hal_uart_ex.o
START GROUP
LOAD /opt/st/stm32cubeide_1.11.2/plugins/com.st.stm32cube.ide.mcu.externaltools.gnu-tools-for-stm32.10.3-2021.10.linux64_1.0.100.202210260954/tools/bin/../lib/gcc/arm-none-eabi/10.3.1/../../../../arm-none-eabi/lib/thumb/v7e-m+fp/hard/libc_nano.a
LOAD /opt/st/stm32cubeide_1.11.2/plugins/com.st.stm32cube.ide.mcu.externaltools.gnu-tools-for-stm32.10.3-2021.10.linux64_1.0.100.202210260954/tools/bin/../lib/gcc/arm-none-eabi/10.3.1/../../../../arm-none-eabi/lib/thumb/v7e-m+fp/hard/libm.a
END GROUP
START GROUP
LOAD /opt/st/stm32cubeide_1.11.2/plugins/com.st.stm32cube.ide.mcu.externaltools.gnu-tools-for-stm32.10.3-2021.10.linux64_1.0.100.202210260954/tools/bin/../lib/gcc/arm-none-eabi/10.3.1/thumb/v7e-m+fp/hard/libgcc.a
LOAD /opt/st/stm32cubeide_1.11.2/plugins/com.st.stm32cube.ide.mcu.externaltools.gnu-tools-for-stm32.10.3-2021.10.linux64_1.0.100.202210260954/tools/bin/../lib/gcc/arm-none-eabi/10.3.1/../../../../arm-none-eabi/lib/thumb/v7e-m+fp/hard/libc_nano.a
END GROUP
START GROUP
LOAD /opt/st/stm32cubeide_1.11.2/plugins/com.st.stm32cube.ide.mcu.externaltools.gnu-tools-for-stm32.10.3-2021.10.linux64_1.0.100.202210260954/tools/bin/../lib/gcc/arm-none-eabi/10.3.1/thumb/v7e-m+fp/hard/libgcc.a
LOAD /opt/st/stm32cubeide_1.11.2/plugins/com.st.stm32cube.ide.mcu.externaltools.gnu-tools-for-stm32.10.3-2021.10.linux64_1.0.100.202210260954/tools/bin/../lib/gcc/arm-none-eabi/10.3.1/../../../../arm-none-eabi/lib/thumb/v7e-m+fp/hard/libc_nano.a
LOAD /opt/st/stm32cubeide_1.11.2/plugins/com.st.stm32cube.ide.mcu.externaltools.gnu-tools-for-stm32.10.3-2021.10.linux64_1.0.100.202210260954/tools/bin/../lib/gcc/arm-none-eabi/10.3.1/../../../../arm-none-eabi/lib/thumb/v7e-m+fp/hard/libnosys.a
END GROUP
START GROUP
LOAD /opt/st/stm32cubeide_1.11.2/plugins/com.st.stm32cube.ide.mcu.externaltools.gnu-tools-for-stm32.10.3-2021.10.linux64_1.0.100.202210260954/tools/bin/../lib/gcc/arm-none-eabi/10.3.1/thumb/v7e-m+fp/hard/libgcc.a
LOAD /opt/st/stm32cubeide_1.11.2/plugins/com.st.stm32cube.ide.mcu.externaltools.gnu-tools-for-stm32.10.3-2021.10.linux64_1.0.100.202210260954/tools/bin/../lib/gcc/arm-none-eabi/10.3.1/../../../../arm-none-eabi/lib/thumb/v7e-m+fp/hard/libc_nano.a
LOAD /opt/st/stm32cubeide_1.11.2/plugins/com.st.stm32cube.ide.mcu.externaltools.gnu-tools-for-stm32.10.3-2021.10.linux64_1.0.100.202210260954/tools/bin/../lib/gcc/arm-none-eabi/10.3.1/../../../../arm-none-eabi/lib/thumb/v7e-m+fp/hard/libnosys.a
END GROUP
LOAD /opt/st/stm32cubeide_1.11.2/plugins/com.st.stm32cube.ide.mcu.externaltools.gnu-tools-for-stm32.10.3-2021.10.linux64_1.0.100.202210260954/tools/bin/../lib/gcc/arm-none-eabi/10.3.1/thumb/v7e-m+fp/hard/crtend.o
LOAD /opt/st/stm32cubeide_1.11.2/plugins/com.st.stm32cube.ide.mcu.externaltools.gnu-tools-for-stm32.10.3-2021.10.linux64_1.0.100.202210260954/tools/bin/../lib/gcc/arm-none-eabi/10.3.1/thumb/v7e-m+fp/hard/crtn.o
                0x000000002000a000                _estack = (ORIGIN (RAM) + LENGTH (RAM))
                0x0000000000000200                _Min_Heap_Size = 0x200
                0x0000000000000400                _Min_Stack_Size = 0x400

.isr_vector     0x0000000008000000      0x188
                0x0000000008000000                . = ALIGN (0x4)
 *(.isr_vector)
 .isr_vector    0x0000000008000000      0x188 ./Core/Startup/startup_stm32f303vctx.o
                0x0000000008000000                g_pfnVectors
                0x0000000008000188                . = ALIGN (0x4)

.text           0x0000000008000190     0x8c74
                0x0000000008000190                . = ALIGN (0x4)
 *(.text)
 .text          0x0000000008000190       0x40 /opt/st/stm32cubeide_1.11.2/plugins/com.st.stm32cube.ide.mcu.externaltools.gnu-tools-for-stm32.10.3-2021.10.linux64_1.0.100.202210260954/tools/bin/../lib/gcc/arm-none-eabi/10.3.1/thumb/v7e-m+fp/hard/crtbegin.o
 .text          0x00000000080001d0       0x14 /opt/st/stm32cubeide_1.11.2/plugins/com.st.stm32cube.ide.mcu.externaltools.gnu-tools-for-stm32.10.3-2021.10.linux64_1.0.100.202210260954/tools/bin/../lib/gcc/arm-none-eabi/10.3.1/../../../../arm-none-eabi/lib/thumb/v7e-m+fp/hard/libc_nano.a(lib_a-strcmp.o)
                0x00000000080001d0                strcmp
 .text          0x00000000080001e4       0x10 /opt/st/stm32cubeide_1.11.2/plugins/com.st.stm32cube.ide.mcu.externaltools.gnu-tools-for-stm32.10.3-2021.10.linux64_1.0.100.202210260954/tools/bin/../lib/gcc/arm-none-eabi/10.3.1/../../../../arm-none-eabi/lib/thumb/v7e-m+fp/hard/libc_nano.a(lib_a-strlen.o)
                0x00000000080001e4                strlen
 *fill*         0x00000000080001f4        0xc 
 .text          0x0000000008000200       0xa0 /opt/st/stm32cubeide_1.11.2/plugins/com.st.stm32cube.ide.mcu.externaltools.gnu-tools-for-stm32.10.3-2021.10.linux64_1.0.100.202210260954/tools/bin/../lib/gcc/arm-none-eabi/10.3.1/../../../../arm-none-eabi/lib/thumb/v7e-m+fp/hard/libc_nano.a(lib_a-memchr.o)
                0x0000000008000200                memchr
 *(.text*)
 .text.LiquidCrystal
                0x00000000080002a0       0x94 ./Core/Src/LiquidCrystal.o
                0x00000000080002a0                LiquidCrystal
 .text.init     0x0000000008000334       0x9c ./Core/Src/LiquidCrystal.o
                0x0000000008000334                init
 .text.begin    0x00000000080003d0      0x220 ./Core/Src/LiquidCrystal.o
                0x00000000080003d0                begin
 .text.enableClock
                0x00000000080005f0      0x128 ./Core/Src/LiquidCrystal.o
                0x00000000080005f0                enableClock
 .text.setRowOffsets
                0x0000000008000718       0x40 ./Core/Src/LiquidCrystal.o
                0x0000000008000718                setRowOffsets
 .text.clear    0x0000000008000758       0x14 ./Core/Src/LiquidCrystal.o
                0x0000000008000758                clear
 .text.setCursor
                0x000000000800076c       0x64 ./Core/Src/LiquidCrystal.o
                0x000000000800076c                setCursor
 .text.display  0x00000000080007d0       0x2c ./Core/Src/LiquidCrystal.o
                0x00000000080007d0                display
 .text.print    0x00000000080007fc       0x56 ./Core/Src/LiquidCrystal.o
                0x00000000080007fc                print
 .text.createChar
                0x0000000008000852       0x52 ./Core/Src/LiquidCrystal.o
                0x0000000008000852                createChar
 .text.command  0x00000000080008a4       0x1c ./Core/Src/LiquidCrystal.o
                0x00000000080008a4                command
 .text.write    0x00000000080008c0       0x1e ./Core/Src/LiquidCrystal.o
                0x00000000080008c0                write
 *fill*         0x00000000080008de        0x2 
 .text.send     0x00000000080008e0       0x7c ./Core/Src/LiquidCrystal.o
                0x00000000080008e0                send
 .text.pulseEnable
                0x000000000800095c       0x54 ./Core/Src/LiquidCrystal.o
                0x000000000800095c                pulseEnable
 .text.write4bits
                0x00000000080009b0       0x54 ./Core/Src/LiquidCrystal.o
                0x00000000080009b0                write4bits
 .text.write8bits
                0x0000000008000a04       0x54 ./Core/Src/LiquidCrystal.o
                0x0000000008000a04                write8bits
 .text.setScore
                0x0000000008000a58       0x44 ./Core/Src/main.o
                0x0000000008000a58                setScore
 .text.parser   0x0000000008000a9c      0x1ac ./Core/Src/main.o
                0x0000000008000a9c                parser
 .text.HAL_UART_TxCpltCallback
                0x0000000008000c48       0x2c ./Core/Src/main.o
                0x0000000008000c48                HAL_UART_TxCpltCallback
 .text.HAL_UART_RxCpltCallback
                0x0000000008000c74       0x74 ./Core/Src/main.o
                0x0000000008000c74                HAL_UART_RxCpltCallback
 .text.HAL_GPIO_EXTI_Callback
                0x0000000008000ce8      0x43c ./Core/Src/main.o
                0x0000000008000ce8                HAL_GPIO_EXTI_Callback
 .text.HAL_TIM_PeriodElapsedCallback
                0x0000000008001124       0x8c ./Core/Src/main.o
                0x0000000008001124                HAL_TIM_PeriodElapsedCallback
 .text.main     0x00000000080011b0      0x238 ./Core/Src/main.o
                0x00000000080011b0                main
 .text.SystemClock_Config
                0x00000000080013e8       0xc0 ./Core/Src/main.o
                0x00000000080013e8                SystemClock_Config
 .text.MX_RTC_Init
                0x00000000080014a8       0xb4 ./Core/Src/main.o
 .text.MX_TIM1_Init
                0x000000000800155c       0xa8 ./Core/Src/main.o
 .text.MX_TIM2_Init
                0x0000000008001604       0xec ./Core/Src/main.o
 .text.MX_USART3_UART_Init
                0x00000000080016f0       0x60 ./Core/Src/main.o
 .text.MX_GPIO_Init
                0x0000000008001750      0x2a8 ./Core/Src/main.o
 .text.begin_page
                0x00000000080019f8       0x20 ./Core/Src/main.o
                0x00000000080019f8                begin_page
 .text.menuDisplay
                0x0000000008001a18       0x5c ./Core/Src/main.o
                0x0000000008001a18                menuDisplay
 .text.play_song
                0x0000000008001a74        0xc ./Core/Src/main.o
                0x0000000008001a74                play_song
 .text.aboutUs_page
                0x0000000008001a80       0xd0 ./Core/Src/main.o
                0x0000000008001a80                aboutUs_page
 .text.setting_page
                0x0000000008001b50       0xcc ./Core/Src/main.o
                0x0000000008001b50                setting_page
 .text.setRtcTime
                0x0000000008001c1c       0x90 ./Core/Src/main.o
                0x0000000008001c1c                setRtcTime
 .text.setSettingValues
                0x0000000008001cac       0x68 ./Core/Src/main.o
                0x0000000008001cac                setSettingValues
 .text.changePointer
                0x0000000008001d14       0x88 ./Core/Src/main.o
                0x0000000008001d14                changePointer
 .text.customCharsCreate
                0x0000000008001d9c       0x68 ./Core/Src/main.o
                0x0000000008001d9c                customCharsCreate
 .text.initPlayers
                0x0000000008001e04       0xa0 ./Core/Src/main.o
                0x0000000008001e04                initPlayers
 .text.initGamePage
                0x0000000008001ea4       0xdc ./Core/Src/main.o
                0x0000000008001ea4                initGamePage
 .text.refresh  0x0000000008001f80      0x4e8 ./Core/Src/main.o
                0x0000000008001f80                refresh
 .text.shoot    0x0000000008002468       0xa8 ./Core/Src/main.o
                0x0000000008002468                shoot
 .text.move     0x0000000008002510      0x158 ./Core/Src/main.o
                0x0000000008002510                move
 .text.hasBullet
                0x0000000008002668       0x22 ./Core/Src/main.o
                0x0000000008002668                hasBullet
 *fill*         0x000000000800268a        0x2 
 .text.generateQM
                0x000000000800268c       0x30 ./Core/Src/main.o
                0x000000000800268c                generateQM
 .text.checkItemExist
                0x00000000080026bc       0x70 ./Core/Src/main.o
                0x00000000080026bc                checkItemExist
 .text.checkMovePossible
                0x000000000800272c       0x58 ./Core/Src/main.o
                0x000000000800272c                checkMovePossible
 .text.rotateDirection90
                0x0000000008002784       0xa8 ./Core/Src/main.o
                0x0000000008002784                rotateDirection90
 .text.isDuplicate
                0x000000000800282c       0x7c ./Core/Src/main.o
                0x000000000800282c                isDuplicate
 .text.generatePairs
                0x00000000080028a8       0x8e ./Core/Src/main.o
                0x00000000080028a8                generatePairs
 *fill*         0x0000000008002936        0x2 
 .text.emptyArray
                0x0000000008002938       0x60 ./Core/Src/main.o
                0x0000000008002938                emptyArray
 .text.increaseBullet
                0x0000000008002998       0x26 ./Core/Src/main.o
                0x0000000008002998                increaseBullet
 .text.decreaseBullet
                0x00000000080029be       0x26 ./Core/Src/main.o
                0x00000000080029be                decreaseBullet
 .text.increaseHealth
                0x00000000080029e4       0x26 ./Core/Src/main.o
                0x00000000080029e4                increaseHealth
 .text.decreaseHealth
                0x0000000008002a0a       0x34 ./Core/Src/main.o
                0x0000000008002a0a                decreaseHealth
 .text.Error_Handler
                0x0000000008002a3e        0xa ./Core/Src/main.o
                0x0000000008002a3e                Error_Handler
 .text.seven_segment_display_decimal
                0x0000000008002a48       0x80 ./Core/Src/program.o
                0x0000000008002a48                seven_segment_display_decimal
 .text.seven_segment_deactivate_digits
                0x0000000008002ac8       0x40 ./Core/Src/program.o
                0x0000000008002ac8                seven_segment_deactivate_digits
 .text.seven_segment_activate_digit
                0x0000000008002b08       0x34 ./Core/Src/program.o
                0x0000000008002b08                seven_segment_activate_digit
 .text.seven_segment_set_num
                0x0000000008002b3c       0x70 ./Core/Src/program.o
                0x0000000008002b3c                seven_segment_set_num
 .text.seven_segment_refresh
                0x0000000008002bac       0x5c ./Core/Src/program.o
                0x0000000008002bac                seven_segment_refresh
 .text.programInit
                0x0000000008002c08       0x18 ./Core/Src/program.o
                0x0000000008002c08                programInit
 .text.programLoop
                0x0000000008002c20        0xc ./Core/Src/program.o
                0x0000000008002c20                programLoop
 .text.HAL_MspInit
                0x0000000008002c2c       0x48 ./Core/Src/stm32f3xx_hal_msp.o
                0x0000000008002c2c                HAL_MspInit
 .text.HAL_RTC_MspInit
                0x0000000008002c74       0x4c ./Core/Src/stm32f3xx_hal_msp.o
                0x0000000008002c74                HAL_RTC_MspInit
 .text.HAL_TIM_Base_MspInit
                0x0000000008002cc0       0xa0 ./Core/Src/stm32f3xx_hal_msp.o
                0x0000000008002cc0                HAL_TIM_Base_MspInit
 .text.HAL_TIM_MspPostInit
                0x0000000008002d60       0x68 ./Core/Src/stm32f3xx_hal_msp.o
                0x0000000008002d60                HAL_TIM_MspPostInit
 .text.HAL_UART_MspInit
                0x0000000008002dc8       0x98 ./Core/Src/stm32f3xx_hal_msp.o
                0x0000000008002dc8                HAL_UART_MspInit
 .text.PWM_Start
                0x0000000008002e60       0x20 ./Core/Src/stm32f3xx_it.o
                0x0000000008002e60                PWM_Start
 .text.PWM_Stop
                0x0000000008002e80       0x20 ./Core/Src/stm32f3xx_it.o
                0x0000000008002e80                PWM_Stop
 .text.PWM_Change_Tone
                0x0000000008002ea0      0x17c ./Core/Src/stm32f3xx_it.o
                0x0000000008002ea0                PWM_Change_Tone
 .text.call_change_melody
                0x000000000800301c       0x18 ./Core/Src/stm32f3xx_it.o
                0x000000000800301c                call_change_melody
 .text.Change_Melody
                0x0000000008003034       0x38 ./Core/Src/stm32f3xx_it.o
                0x0000000008003034                Change_Melody
 .text.Update_Melody
                0x000000000800306c       0x98 ./Core/Src/stm32f3xx_it.o
                0x000000000800306c                Update_Melody
 .text.NMI_Handler
                0x0000000008003104        0x6 ./Core/Src/stm32f3xx_it.o
                0x0000000008003104                NMI_Handler
 .text.HardFault_Handler
                0x000000000800310a        0x6 ./Core/Src/stm32f3xx_it.o
                0x000000000800310a                HardFault_Handler
 .text.MemManage_Handler
                0x0000000008003110        0x6 ./Core/Src/stm32f3xx_it.o
                0x0000000008003110                MemManage_Handler
 .text.BusFault_Handler
                0x0000000008003116        0x6 ./Core/Src/stm32f3xx_it.o
                0x0000000008003116                BusFault_Handler
 .text.UsageFault_Handler
                0x000000000800311c        0x6 ./Core/Src/stm32f3xx_it.o
                0x000000000800311c                UsageFault_Handler
 .text.SVC_Handler
                0x0000000008003122        0xe ./Core/Src/stm32f3xx_it.o
                0x0000000008003122                SVC_Handler
 .text.DebugMon_Handler
                0x0000000008003130        0xe ./Core/Src/stm32f3xx_it.o
                0x0000000008003130                DebugMon_Handler
 .text.PendSV_Handler
                0x000000000800313e        0xe ./Core/Src/stm32f3xx_it.o
                0x000000000800313e                PendSV_Handler
 .text.SysTick_Handler
                0x000000000800314c       0x10 ./Core/Src/stm32f3xx_it.o
                0x000000000800314c                SysTick_Handler
 .text.EXTI1_IRQHandler
                0x000000000800315c        0xe ./Core/Src/stm32f3xx_it.o
                0x000000000800315c                EXTI1_IRQHandler
 .text.EXTI2_TSC_IRQHandler
                0x000000000800316a        0xe ./Core/Src/stm32f3xx_it.o
                0x000000000800316a                EXTI2_TSC_IRQHandler
 .text.EXTI3_IRQHandler
                0x0000000008003178        0xe ./Core/Src/stm32f3xx_it.o
                0x0000000008003178                EXTI3_IRQHandler
 .text.EXTI4_IRQHandler
                0x0000000008003186        0xe ./Core/Src/stm32f3xx_it.o
                0x0000000008003186                EXTI4_IRQHandler
 .text.TIM1_BRK_TIM15_IRQHandler
                0x0000000008003194       0x14 ./Core/Src/stm32f3xx_it.o
                0x0000000008003194                TIM1_BRK_TIM15_IRQHandler
 .text.TIM1_UP_TIM16_IRQHandler
                0x00000000080031a8       0x14 ./Core/Src/stm32f3xx_it.o
                0x00000000080031a8                TIM1_UP_TIM16_IRQHandler
 .text.TIM1_TRG_COM_TIM17_IRQHandler
                0x00000000080031bc       0x14 ./Core/Src/stm32f3xx_it.o
                0x00000000080031bc                TIM1_TRG_COM_TIM17_IRQHandler
 .text.TIM1_CC_IRQHandler
                0x00000000080031d0       0x14 ./Core/Src/stm32f3xx_it.o
                0x00000000080031d0                TIM1_CC_IRQHandler
 .text.USART3_IRQHandler
                0x00000000080031e4       0x14 ./Core/Src/stm32f3xx_it.o
                0x00000000080031e4                USART3_IRQHandler
 .text._sbrk    0x00000000080031f8       0x6c ./Core/Src/sysmem.o
                0x00000000080031f8                _sbrk
 .text.SystemInit
                0x0000000008003264       0x24 ./Core/Src/system_stm32f3xx.o
                0x0000000008003264                SystemInit
 .text.Reset_Handler
                0x0000000008003288       0x50 ./Core/Startup/startup_stm32f303vctx.o
                0x0000000008003288                Reset_Handler
 .text.Default_Handler
                0x00000000080032d8        0x2 ./Core/Startup/startup_stm32f303vctx.o
                0x00000000080032d8                RTC_Alarm_IRQHandler
                0x00000000080032d8                TIM8_TRG_COM_IRQHandler
                0x00000000080032d8                TIM8_CC_IRQHandler
                0x00000000080032d8                USB_HP_IRQHandler
                0x00000000080032d8                PVD_IRQHandler
                0x00000000080032d8                TAMP_STAMP_IRQHandler
                0x00000000080032d8                USB_HP_CAN_TX_IRQHandler
                0x00000000080032d8                EXTI0_IRQHandler
                0x00000000080032d8                I2C2_EV_IRQHandler
                0x00000000080032d8                FPU_IRQHandler
                0x00000000080032d8                ADC1_2_IRQHandler
                0x00000000080032d8                SPI1_IRQHandler
                0x00000000080032d8                CAN_SCE_IRQHandler
                0x00000000080032d8                TIM6_DAC_IRQHandler
                0x00000000080032d8                TIM8_UP_IRQHandler
                0x00000000080032d8                DMA2_Channel2_IRQHandler
                0x00000000080032d8                DMA1_Channel4_IRQHandler
                0x00000000080032d8                DMA1_Channel7_IRQHandler
                0x00000000080032d8                UART5_IRQHandler
                0x00000000080032d8                ADC3_IRQHandler
                0x00000000080032d8                TIM4_IRQHandler
                0x00000000080032d8                CAN_RX1_IRQHandler
                0x00000000080032d8                DMA2_Channel1_IRQHandler
                0x00000000080032d8                I2C1_EV_IRQHandler
                0x00000000080032d8                DMA1_Channel6_IRQHandler
                0x00000000080032d8                UART4_IRQHandler
                0x00000000080032d8                DMA2_Channel4_IRQHandler
                0x00000000080032d8                TIM3_IRQHandler
                0x00000000080032d8                RCC_IRQHandler
                0x00000000080032d8                DMA1_Channel1_IRQHandler
                0x00000000080032d8                Default_Handler
                0x00000000080032d8                USBWakeUp_RMP_IRQHandler
                0x00000000080032d8                EXTI15_10_IRQHandler
                0x00000000080032d8                TIM7_IRQHandler
                0x00000000080032d8                EXTI9_5_IRQHandler
                0x00000000080032d8                RTC_WKUP_IRQHandler
                0x00000000080032d8                SPI2_IRQHandler
                0x00000000080032d8                USB_LP_CAN_RX0_IRQHandler
                0x00000000080032d8                DMA2_Channel5_IRQHandler
                0x00000000080032d8                DMA1_Channel5_IRQHandler
                0x00000000080032d8                USB_LP_IRQHandler
                0x00000000080032d8                DMA1_Channel3_IRQHandler
                0x00000000080032d8                ADC4_IRQHandler
                0x00000000080032d8                WWDG_IRQHandler
                0x00000000080032d8                TIM2_IRQHandler
                0x00000000080032d8                COMP7_IRQHandler
                0x00000000080032d8                COMP1_2_3_IRQHandler
                0x00000000080032d8                USART2_IRQHandler
                0x00000000080032d8                COMP4_5_6_IRQHandler
                0x00000000080032d8                I2C2_ER_IRQHandler
                0x00000000080032d8                DMA1_Channel2_IRQHandler
                0x00000000080032d8                TIM8_BRK_IRQHandler
                0x00000000080032d8                FLASH_IRQHandler
                0x00000000080032d8                USART1_IRQHandler
                0x00000000080032d8                SPI3_IRQHandler
                0x00000000080032d8                I2C1_ER_IRQHandler
                0x00000000080032d8                USBWakeUp_IRQHandler
                0x00000000080032d8                DMA2_Channel3_IRQHandler
 *fill*         0x00000000080032da        0x2 
 .text.HAL_Init
                0x00000000080032dc       0x2c ./Drivers/STM32F3xx_HAL_Driver/Src/stm32f3xx_hal.o
                0x00000000080032dc                HAL_Init
 .text.HAL_InitTick
                0x0000000008003308       0x60 ./Drivers/STM32F3xx_HAL_Driver/Src/stm32f3xx_hal.o
                0x0000000008003308                HAL_InitTick
 .text.HAL_IncTick
                0x0000000008003368       0x28 ./Drivers/STM32F3xx_HAL_Driver/Src/stm32f3xx_hal.o
                0x0000000008003368                HAL_IncTick
 .text.HAL_GetTick
                0x0000000008003390       0x18 ./Drivers/STM32F3xx_HAL_Driver/Src/stm32f3xx_hal.o
                0x0000000008003390                HAL_GetTick
 .text.HAL_Delay
                0x00000000080033a8       0x48 ./Drivers/STM32F3xx_HAL_Driver/Src/stm32f3xx_hal.o
                0x00000000080033a8                HAL_Delay
 .text.__NVIC_SetPriorityGrouping
                0x00000000080033f0       0x48 ./Drivers/STM32F3xx_HAL_Driver/Src/stm32f3xx_hal_cortex.o
 .text.__NVIC_GetPriorityGrouping
                0x0000000008003438       0x1c ./Drivers/STM32F3xx_HAL_Driver/Src/stm32f3xx_hal_cortex.o
 .text.__NVIC_EnableIRQ
                0x0000000008003454       0x3c ./Drivers/STM32F3xx_HAL_Driver/Src/stm32f3xx_hal_cortex.o
 .text.__NVIC_SetPriority
                0x0000000008003490       0x54 ./Drivers/STM32F3xx_HAL_Driver/Src/stm32f3xx_hal_cortex.o
 .text.NVIC_EncodePriority
                0x00000000080034e4       0x66 ./Drivers/STM32F3xx_HAL_Driver/Src/stm32f3xx_hal_cortex.o
 *fill*         0x000000000800354a        0x2 
 .text.SysTick_Config
                0x000000000800354c       0x44 ./Drivers/STM32F3xx_HAL_Driver/Src/stm32f3xx_hal_cortex.o
 .text.HAL_NVIC_SetPriorityGrouping
                0x0000000008003590       0x16 ./Drivers/STM32F3xx_HAL_Driver/Src/stm32f3xx_hal_cortex.o
                0x0000000008003590                HAL_NVIC_SetPriorityGrouping
 .text.HAL_NVIC_SetPriority
                0x00000000080035a6       0x38 ./Drivers/STM32F3xx_HAL_Driver/Src/stm32f3xx_hal_cortex.o
                0x00000000080035a6                HAL_NVIC_SetPriority
 .text.HAL_NVIC_EnableIRQ
                0x00000000080035de       0x1c ./Drivers/STM32F3xx_HAL_Driver/Src/stm32f3xx_hal_cortex.o
                0x00000000080035de                HAL_NVIC_EnableIRQ
 .text.HAL_SYSTICK_Config
                0x00000000080035fa       0x18 ./Drivers/STM32F3xx_HAL_Driver/Src/stm32f3xx_hal_cortex.o
                0x00000000080035fa                HAL_SYSTICK_Config
 .text.HAL_DMA_Abort
                0x0000000008003612       0x72 ./Drivers/STM32F3xx_HAL_Driver/Src/stm32f3xx_hal_dma.o
                0x0000000008003612                HAL_DMA_Abort
 .text.HAL_DMA_Abort_IT
                0x0000000008003684       0x7c ./Drivers/STM32F3xx_HAL_Driver/Src/stm32f3xx_hal_dma.o
                0x0000000008003684                HAL_DMA_Abort_IT
 .text.HAL_GPIO_Init
                0x0000000008003700      0x2f4 ./Drivers/STM32F3xx_HAL_Driver/Src/stm32f3xx_hal_gpio.o
                0x0000000008003700                HAL_GPIO_Init
 .text.HAL_GPIO_ReadPin
                0x00000000080039f4       0x30 ./Drivers/STM32F3xx_HAL_Driver/Src/stm32f3xx_hal_gpio.o
                0x00000000080039f4                HAL_GPIO_ReadPin
 .text.HAL_GPIO_WritePin
                0x0000000008003a24       0x30 ./Drivers/STM32F3xx_HAL_Driver/Src/stm32f3xx_hal_gpio.o
                0x0000000008003a24                HAL_GPIO_WritePin
 .text.HAL_GPIO_EXTI_IRQHandler
                0x0000000008003a54       0x30 ./Drivers/STM32F3xx_HAL_Driver/Src/stm32f3xx_hal_gpio.o
                0x0000000008003a54                HAL_GPIO_EXTI_IRQHandler
 .text.HAL_RCC_OscConfig
                0x0000000008003a84     0x107c ./Drivers/STM32F3xx_HAL_Driver/Src/stm32f3xx_hal_rcc.o
                0x0000000008003a84                HAL_RCC_OscConfig
 .text.HAL_RCC_ClockConfig
                0x0000000008004b00      0x2f8 ./Drivers/STM32F3xx_HAL_Driver/Src/stm32f3xx_hal_rcc.o
                0x0000000008004b00                HAL_RCC_ClockConfig
 .text.HAL_RCC_GetSysClockFreq
                0x0000000008004df8       0xd4 ./Drivers/STM32F3xx_HAL_Driver/Src/stm32f3xx_hal_rcc.o
                0x0000000008004df8                HAL_RCC_GetSysClockFreq
 .text.HAL_RCC_GetHCLKFreq
                0x0000000008004ecc       0x18 ./Drivers/STM32F3xx_HAL_Driver/Src/stm32f3xx_hal_rcc.o
                0x0000000008004ecc                HAL_RCC_GetHCLKFreq
 .text.HAL_RCC_GetPCLK1Freq
                0x0000000008004ee4       0x44 ./Drivers/STM32F3xx_HAL_Driver/Src/stm32f3xx_hal_rcc.o
                0x0000000008004ee4                HAL_RCC_GetPCLK1Freq
 .text.HAL_RCC_GetPCLK2Freq
                0x0000000008004f28       0x44 ./Drivers/STM32F3xx_HAL_Driver/Src/stm32f3xx_hal_rcc.o
                0x0000000008004f28                HAL_RCC_GetPCLK2Freq
 .text.HAL_RCCEx_PeriphCLKConfig
                0x0000000008004f6c      0x360 ./Drivers/STM32F3xx_HAL_Driver/Src/stm32f3xx_hal_rcc_ex.o
                0x0000000008004f6c                HAL_RCCEx_PeriphCLKConfig
 .text.HAL_RTC_Init
                0x00000000080052cc      0x106 ./Drivers/STM32F3xx_HAL_Driver/Src/stm32f3xx_hal_rtc.o
                0x00000000080052cc                HAL_RTC_Init
 .text.HAL_RTC_SetTime
                0x00000000080053d2      0x134 ./Drivers/STM32F3xx_HAL_Driver/Src/stm32f3xx_hal_rtc.o
                0x00000000080053d2                HAL_RTC_SetTime
 .text.HAL_RTC_GetTime
                0x0000000008005506       0xbc ./Drivers/STM32F3xx_HAL_Driver/Src/stm32f3xx_hal_rtc.o
                0x0000000008005506                HAL_RTC_GetTime
 .text.HAL_RTC_SetDate
                0x00000000080055c2      0x108 ./Drivers/STM32F3xx_HAL_Driver/Src/stm32f3xx_hal_rtc.o
                0x00000000080055c2                HAL_RTC_SetDate
 .text.HAL_RTC_GetDate
                0x00000000080056ca       0x9e ./Drivers/STM32F3xx_HAL_Driver/Src/stm32f3xx_hal_rtc.o
                0x00000000080056ca                HAL_RTC_GetDate
 .text.HAL_RTC_WaitForSynchro
                0x0000000008005768       0x4c ./Drivers/STM32F3xx_HAL_Driver/Src/stm32f3xx_hal_rtc.o
                0x0000000008005768                HAL_RTC_WaitForSynchro
 .text.RTC_EnterInitMode
                0x00000000080057b4       0x6e ./Drivers/STM32F3xx_HAL_Driver/Src/stm32f3xx_hal_rtc.o
                0x00000000080057b4                RTC_EnterInitMode
 .text.RTC_ExitInitMode
                0x0000000008005822       0x4a ./Drivers/STM32F3xx_HAL_Driver/Src/stm32f3xx_hal_rtc.o
                0x0000000008005822                RTC_ExitInitMode
 .text.RTC_ByteToBcd2
                0x000000000800586c       0x3c ./Drivers/STM32F3xx_HAL_Driver/Src/stm32f3xx_hal_rtc.o
                0x000000000800586c                RTC_ByteToBcd2
 .text.RTC_Bcd2ToByte
                0x00000000080058a8       0x3c ./Drivers/STM32F3xx_HAL_Driver/Src/stm32f3xx_hal_rtc.o
                0x00000000080058a8                RTC_Bcd2ToByte
 .text.HAL_TIM_Base_Init
                0x00000000080058e4       0xae ./Drivers/STM32F3xx_HAL_Driver/Src/stm32f3xx_hal_tim.o
                0x00000000080058e4                HAL_TIM_Base_Init
 *fill*         0x0000000008005992        0x2 
 .text.HAL_TIM_Base_Start_IT
                0x0000000008005994       0xd4 ./Drivers/STM32F3xx_HAL_Driver/Src/stm32f3xx_hal_tim.o
                0x0000000008005994                HAL_TIM_Base_Start_IT
 .text.HAL_TIM_PWM_Init
                0x0000000008005a68       0xae ./Drivers/STM32F3xx_HAL_Driver/Src/stm32f3xx_hal_tim.o
                0x0000000008005a68                HAL_TIM_PWM_Init
 .text.HAL_TIM_PWM_MspInit
                0x0000000008005b16       0x14 ./Drivers/STM32F3xx_HAL_Driver/Src/stm32f3xx_hal_tim.o
                0x0000000008005b16                HAL_TIM_PWM_MspInit
 *fill*         0x0000000008005b2a        0x2 
 .text.HAL_TIM_PWM_Start
                0x0000000008005b2c      0x200 ./Drivers/STM32F3xx_HAL_Driver/Src/stm32f3xx_hal_tim.o
                0x0000000008005b2c                HAL_TIM_PWM_Start
 .text.HAL_TIM_PWM_Stop
                0x0000000008005d2c      0x12c ./Drivers/STM32F3xx_HAL_Driver/Src/stm32f3xx_hal_tim.o
                0x0000000008005d2c                HAL_TIM_PWM_Stop
 .text.HAL_TIM_IRQHandler
                0x0000000008005e58      0x23e ./Drivers/STM32F3xx_HAL_Driver/Src/stm32f3xx_hal_tim.o
                0x0000000008005e58                HAL_TIM_IRQHandler
 *fill*         0x0000000008006096        0x2 
 .text.HAL_TIM_PWM_ConfigChannel
                0x0000000008006098      0x228 ./Drivers/STM32F3xx_HAL_Driver/Src/stm32f3xx_hal_tim.o
                0x0000000008006098                HAL_TIM_PWM_ConfigChannel
 .text.HAL_TIM_ConfigClockSource
                0x00000000080062c0      0x192 ./Drivers/STM32F3xx_HAL_Driver/Src/stm32f3xx_hal_tim.o
                0x00000000080062c0                HAL_TIM_ConfigClockSource
 .text.HAL_TIM_OC_DelayElapsedCallback
                0x0000000008006452       0x14 ./Drivers/STM32F3xx_HAL_Driver/Src/stm32f3xx_hal_tim.o
                0x0000000008006452                HAL_TIM_OC_DelayElapsedCallback
 .text.HAL_TIM_IC_CaptureCallback
                0x0000000008006466       0x14 ./Drivers/STM32F3xx_HAL_Driver/Src/stm32f3xx_hal_tim.o
                0x0000000008006466                HAL_TIM_IC_CaptureCallback
 .text.HAL_TIM_PWM_PulseFinishedCallback
                0x000000000800647a       0x14 ./Drivers/STM32F3xx_HAL_Driver/Src/stm32f3xx_hal_tim.o
                0x000000000800647a                HAL_TIM_PWM_PulseFinishedCallback
 .text.HAL_TIM_TriggerCallback
                0x000000000800648e       0x14 ./Drivers/STM32F3xx_HAL_Driver/Src/stm32f3xx_hal_tim.o
                0x000000000800648e                HAL_TIM_TriggerCallback
 *fill*         0x00000000080064a2        0x2 
 .text.TIM_Base_SetConfig
                0x00000000080064a4      0x120 ./Drivers/STM32F3xx_HAL_Driver/Src/stm32f3xx_hal_tim.o
                0x00000000080064a4                TIM_Base_SetConfig
 .text.TIM_OC1_SetConfig
                0x00000000080065c4      0x120 ./Drivers/STM32F3xx_HAL_Driver/Src/stm32f3xx_hal_tim.o
 .text.TIM_OC2_SetConfig
                0x00000000080066e4      0x114 ./Drivers/STM32F3xx_HAL_Driver/Src/stm32f3xx_hal_tim.o
                0x00000000080066e4                TIM_OC2_SetConfig
 .text.TIM_OC3_SetConfig
                0x00000000080067f8      0x110 ./Drivers/STM32F3xx_HAL_Driver/Src/stm32f3xx_hal_tim.o
 .text.TIM_OC4_SetConfig
                0x0000000008006908       0xd4 ./Drivers/STM32F3xx_HAL_Driver/Src/stm32f3xx_hal_tim.o
 .text.TIM_OC5_SetConfig
                0x00000000080069dc       0xc8 ./Drivers/STM32F3xx_HAL_Driver/Src/stm32f3xx_hal_tim.o
 .text.TIM_OC6_SetConfig
                0x0000000008006aa4       0xcc ./Drivers/STM32F3xx_HAL_Driver/Src/stm32f3xx_hal_tim.o
 .text.TIM_TI1_ConfigInputStage
                0x0000000008006b70       0x5e ./Drivers/STM32F3xx_HAL_Driver/Src/stm32f3xx_hal_tim.o
 .text.TIM_TI2_ConfigInputStage
                0x0000000008006bce       0x60 ./Drivers/STM32F3xx_HAL_Driver/Src/stm32f3xx_hal_tim.o
 .text.TIM_ITRx_SetConfig
                0x0000000008006c2e       0x36 ./Drivers/STM32F3xx_HAL_Driver/Src/stm32f3xx_hal_tim.o
 .text.TIM_ETR_SetConfig
                0x0000000008006c64       0x40 ./Drivers/STM32F3xx_HAL_Driver/Src/stm32f3xx_hal_tim.o
                0x0000000008006c64                TIM_ETR_SetConfig
 .text.TIM_CCxChannelCmd
                0x0000000008006ca4       0x4a ./Drivers/STM32F3xx_HAL_Driver/Src/stm32f3xx_hal_tim.o
                0x0000000008006ca4                TIM_CCxChannelCmd
 *fill*         0x0000000008006cee        0x2 
 .text.HAL_TIMEx_MasterConfigSynchronization
                0x0000000008006cf0      0x100 ./Drivers/STM32F3xx_HAL_Driver/Src/stm32f3xx_hal_tim_ex.o
                0x0000000008006cf0                HAL_TIMEx_MasterConfigSynchronization
 .text.HAL_TIMEx_CommutCallback
                0x0000000008006df0       0x14 ./Drivers/STM32F3xx_HAL_Driver/Src/stm32f3xx_hal_tim_ex.o
                0x0000000008006df0                HAL_TIMEx_CommutCallback
 .text.HAL_TIMEx_BreakCallback
                0x0000000008006e04       0x14 ./Drivers/STM32F3xx_HAL_Driver/Src/stm32f3xx_hal_tim_ex.o
                0x0000000008006e04                HAL_TIMEx_BreakCallback
 .text.HAL_TIMEx_Break2Callback
                0x0000000008006e18       0x14 ./Drivers/STM32F3xx_HAL_Driver/Src/stm32f3xx_hal_tim_ex.o
                0x0000000008006e18                HAL_TIMEx_Break2Callback
 .text.HAL_UART_Init
                0x0000000008006e2c       0x9c ./Drivers/STM32F3xx_HAL_Driver/Src/stm32f3xx_hal_uart.o
                0x0000000008006e2c                HAL_UART_Init
 .text.HAL_UART_Transmit
                0x0000000008006ec8      0x114 ./Drivers/STM32F3xx_HAL_Driver/Src/stm32f3xx_hal_uart.o
                0x0000000008006ec8                HAL_UART_Transmit
 .text.HAL_UART_Receive_IT
                0x0000000008006fdc       0x88 ./Drivers/STM32F3xx_HAL_Driver/Src/stm32f3xx_hal_uart.o
                0x0000000008006fdc                HAL_UART_Receive_IT
 .text.HAL_UART_IRQHandler
                0x0000000008007064      0x5cc ./Drivers/STM32F3xx_HAL_Driver/Src/stm32f3xx_hal_uart.o
                0x0000000008007064                HAL_UART_IRQHandler
 .text.HAL_UART_ErrorCallback
                0x0000000008007630       0x14 ./Drivers/STM32F3xx_HAL_Driver/Src/stm32f3xx_hal_uart.o
                0x0000000008007630                HAL_UART_ErrorCallback
 .text.HAL_UARTEx_RxEventCallback
                0x0000000008007644       0x18 ./Drivers/STM32F3xx_HAL_Driver/Src/stm32f3xx_hal_uart.o
                0x0000000008007644                HAL_UARTEx_RxEventCallback
 .text.UART_SetConfig
                0x000000000800765c      0x3a8 ./Drivers/STM32F3xx_HAL_Driver/Src/stm32f3xx_hal_uart.o
                0x000000000800765c                UART_SetConfig
 .text.UART_AdvFeatureConfig
                0x0000000008007a04      0x144 ./Drivers/STM32F3xx_HAL_Driver/Src/stm32f3xx_hal_uart.o
                0x0000000008007a04                UART_AdvFeatureConfig
 .text.UART_CheckIdleState
                0x0000000008007b48      0x150 ./Drivers/STM32F3xx_HAL_Driver/Src/stm32f3xx_hal_uart.o
                0x0000000008007b48                UART_CheckIdleState
 .text.UART_WaitOnFlagUntilTimeout
                0x0000000008007c98       0xce ./Drivers/STM32F3xx_HAL_Driver/Src/stm32f3xx_hal_uart.o
                0x0000000008007c98                UART_WaitOnFlagUntilTimeout
 *fill*         0x0000000008007d66        0x2 
 .text.UART_Start_Receive_IT
                0x0000000008007d68      0x168 ./Drivers/STM32F3xx_HAL_Driver/Src/stm32f3xx_hal_uart.o
                0x0000000008007d68                UART_Start_Receive_IT
 .text.UART_EndRxTransfer
                0x0000000008007ed0       0xc8 ./Drivers/STM32F3xx_HAL_Driver/Src/stm32f3xx_hal_uart.o
 .text.UART_DMAAbortOnError
                0x0000000008007f98       0x2c ./Drivers/STM32F3xx_HAL_Driver/Src/stm32f3xx_hal_uart.o
 .text.UART_EndTransmit_IT
                0x0000000008007fc4       0x54 ./Drivers/STM32F3xx_HAL_Driver/Src/stm32f3xx_hal_uart.o
 .text.UART_RxISR_8BIT
                0x0000000008008018      0x1a8 ./Drivers/STM32F3xx_HAL_Driver/Src/stm32f3xx_hal_uart.o
 .text.UART_RxISR_16BIT
                0x00000000080081c0      0x1a8 ./Drivers/STM32F3xx_HAL_Driver/Src/stm32f3xx_hal_uart.o
 .text.HAL_UARTEx_WakeupCallback
                0x0000000008008368       0x14 ./Drivers/STM32F3xx_HAL_Driver/Src/stm32f3xx_hal_uart_ex.o
                0x0000000008008368                HAL_UARTEx_WakeupCallback
 .text.atoi     0x000000000800837c        0x8 /opt/st/stm32cubeide_1.11.2/plugins/com.st.stm32cube.ide.mcu.externaltools.gnu-tools-for-stm32.10.3-2021.10.linux64_1.0.100.202210260954/tools/bin/../lib/gcc/arm-none-eabi/10.3.1/../../../../arm-none-eabi/lib/thumb/v7e-m+fp/hard/libc_nano.a(lib_a-atoi.o)
                0x000000000800837c                atoi
 .text.__errno  0x0000000008008384        0xc /opt/st/stm32cubeide_1.11.2/plugins/com.st.stm32cube.ide.mcu.externaltools.gnu-tools-for-stm32.10.3-2021.10.linux64_1.0.100.202210260954/tools/bin/../lib/gcc/arm-none-eabi/10.3.1/../../../../arm-none-eabi/lib/thumb/v7e-m+fp/hard/libc_nano.a(lib_a-errno.o)
                0x0000000008008384                __errno
 .text.__libc_init_array
                0x0000000008008390       0x48 /opt/st/stm32cubeide_1.11.2/plugins/com.st.stm32cube.ide.mcu.externaltools.gnu-tools-for-stm32.10.3-2021.10.linux64_1.0.100.202210260954/tools/bin/../lib/gcc/arm-none-eabi/10.3.1/../../../../arm-none-eabi/lib/thumb/v7e-m+fp/hard/libc_nano.a(lib_a-init.o)
                0x0000000008008390                __libc_init_array
 .text.free     0x00000000080083d8       0x10 /opt/st/stm32cubeide_1.11.2/plugins/com.st.stm32cube.ide.mcu.externaltools.gnu-tools-for-stm32.10.3-2021.10.linux64_1.0.100.202210260954/tools/bin/../lib/gcc/arm-none-eabi/10.3.1/../../../../arm-none-eabi/lib/thumb/v7e-m+fp/hard/libc_nano.a(lib_a-malloc.o)
                0x00000000080083d8                free
 .text.memset   0x00000000080083e8       0x10 /opt/st/stm32cubeide_1.11.2/plugins/com.st.stm32cube.ide.mcu.externaltools.gnu-tools-for-stm32.10.3-2021.10.linux64_1.0.100.202210260954/tools/bin/../lib/gcc/arm-none-eabi/10.3.1/../../../../arm-none-eabi/lib/thumb/v7e-m+fp/hard/libc_nano.a(lib_a-memset.o)
                0x00000000080083e8                memset
 .text._free_r  0x00000000080083f8       0x98 /opt/st/stm32cubeide_1.11.2/plugins/com.st.stm32cube.ide.mcu.externaltools.gnu-tools-for-stm32.10.3-2021.10.linux64_1.0.100.202210260954/tools/bin/../lib/gcc/arm-none-eabi/10.3.1/../../../../arm-none-eabi/lib/thumb/v7e-m+fp/hard/libc_nano.a(lib_a-nano-freer.o)
                0x00000000080083f8                _free_r
 .text.sbrk_aligned
                0x0000000008008490       0x40 /opt/st/stm32cubeide_1.11.2/plugins/com.st.stm32cube.ide.mcu.externaltools.gnu-tools-for-stm32.10.3-2021.10.linux64_1.0.100.202210260954/tools/bin/../lib/gcc/arm-none-eabi/10.3.1/../../../../arm-none-eabi/lib/thumb/v7e-m+fp/hard/libc_nano.a(lib_a-nano-mallocr.o)
 .text._malloc_r
                0x00000000080084d0       0xe8 /opt/st/stm32cubeide_1.11.2/plugins/com.st.stm32cube.ide.mcu.externaltools.gnu-tools-for-stm32.10.3-2021.10.linux64_1.0.100.202210260954/tools/bin/../lib/gcc/arm-none-eabi/10.3.1/../../../../arm-none-eabi/lib/thumb/v7e-m+fp/hard/libc_nano.a(lib_a-nano-mallocr.o)
                0x00000000080084d0                _malloc_r
 .text._sbrk_r  0x00000000080085b8       0x20 /opt/st/stm32cubeide_1.11.2/plugins/com.st.stm32cube.ide.mcu.externaltools.gnu-tools-for-stm32.10.3-2021.10.linux64_1.0.100.202210260954/tools/bin/../lib/gcc/arm-none-eabi/10.3.1/../../../../arm-none-eabi/lib/thumb/v7e-m+fp/hard/libc_nano.a(lib_a-sbrkr.o)
                0x00000000080085b8                _sbrk_r
 .text.sprintf  0x00000000080085d8       0x40 /opt/st/stm32cubeide_1.11.2/plugins/com.st.stm32cube.ide.mcu.externaltools.gnu-tools-for-stm32.10.3-2021.10.linux64_1.0.100.202210260954/tools/bin/../lib/gcc/arm-none-eabi/10.3.1/../../../../arm-none-eabi/lib/thumb/v7e-m+fp/hard/libc_nano.a(lib_a-sprintf.o)
                0x00000000080085d8                sprintf
                0x00000000080085d8                siprintf
 .text._strtol_l.constprop.0
                0x0000000008008618      0x104 /opt/st/stm32cubeide_1.11.2/plugins/com.st.stm32cube.ide.mcu.externaltools.gnu-tools-for-stm32.10.3-2021.10.linux64_1.0.100.202210260954/tools/bin/../lib/gcc/arm-none-eabi/10.3.1/../../../../arm-none-eabi/lib/thumb/v7e-m+fp/hard/libc_nano.a(lib_a-strtol.o)
 .text.strtol   0x000000000800871c       0x14 /opt/st/stm32cubeide_1.11.2/plugins/com.st.stm32cube.ide.mcu.externaltools.gnu-tools-for-stm32.10.3-2021.10.linux64_1.0.100.202210260954/tools/bin/../lib/gcc/arm-none-eabi/10.3.1/../../../../arm-none-eabi/lib/thumb/v7e-m+fp/hard/libc_nano.a(lib_a-strtol.o)
                0x000000000800871c                strtol
 .text.__malloc_lock
                0x0000000008008730        0xc /opt/st/stm32cubeide_1.11.2/plugins/com.st.stm32cube.ide.mcu.externaltools.gnu-tools-for-stm32.10.3-2021.10.linux64_1.0.100.202210260954/tools/bin/../lib/gcc/arm-none-eabi/10.3.1/../../../../arm-none-eabi/lib/thumb/v7e-m+fp/hard/libc_nano.a(lib_a-mlock.o)
                0x0000000008008730                __malloc_lock
 .text.__malloc_unlock
                0x000000000800873c        0xc /opt/st/stm32cubeide_1.11.2/plugins/com.st.stm32cube.ide.mcu.externaltools.gnu-tools-for-stm32.10.3-2021.10.linux64_1.0.100.202210260954/tools/bin/../lib/gcc/arm-none-eabi/10.3.1/../../../../arm-none-eabi/lib/thumb/v7e-m+fp/hard/libc_nano.a(lib_a-mlock.o)
                0x000000000800873c                __malloc_unlock
 .text.__ssputs_r
                0x0000000008008748       0xb6 /opt/st/stm32cubeide_1.11.2/plugins/com.st.stm32cube.ide.mcu.externaltools.gnu-tools-for-stm32.10.3-2021.10.linux64_1.0.100.202210260954/tools/bin/../lib/gcc/arm-none-eabi/10.3.1/../../../../arm-none-eabi/lib/thumb/v7e-m+fp/hard/libc_nano.a(lib_a-nano-svfprintf.o)
                0x0000000008008748                __ssputs_r
 *fill*         0x00000000080087fe        0x2 
 .text._svfprintf_r
                0x0000000008008800      0x200 /opt/st/stm32cubeide_1.11.2/plugins/com.st.stm32cube.ide.mcu.externaltools.gnu-tools-for-stm32.10.3-2021.10.linux64_1.0.100.202210260954/tools/bin/../lib/gcc/arm-none-eabi/10.3.1/../../../../arm-none-eabi/lib/thumb/v7e-m+fp/hard/libc_nano.a(lib_a-nano-svfprintf.o)
                0x0000000008008800                _svfprintf_r
                0x0000000008008800                _svfiprintf_r
 .text._printf_common
                0x0000000008008a00       0xda /opt/st/stm32cubeide_1.11.2/plugins/com.st.stm32cube.ide.mcu.externaltools.gnu-tools-for-stm32.10.3-2021.10.linux64_1.0.100.202210260954/tools/bin/../lib/gcc/arm-none-eabi/10.3.1/../../../../arm-none-eabi/lib/thumb/v7e-m+fp/hard/libc_nano.a(lib_a-nano-vfprintf_i.o)
                0x0000000008008a00                _printf_common
 *fill*         0x0000000008008ada        0x2 
 .text._printf_i
                0x0000000008008adc      0x24c /opt/st/stm32cubeide_1.11.2/plugins/com.st.stm32cube.ide.mcu.externaltools.gnu-tools-for-stm32.10.3-2021.10.linux64_1.0.100.202210260954/tools/bin/../lib/gcc/arm-none-eabi/10.3.1/../../../../arm-none-eabi/lib/thumb/v7e-m+fp/hard/libc_nano.a(lib_a-nano-vfprintf_i.o)
                0x0000000008008adc                _printf_i
 .text.__retarget_lock_acquire_recursive
                0x0000000008008d28        0x2 /opt/st/stm32cubeide_1.11.2/plugins/com.st.stm32cube.ide.mcu.externaltools.gnu-tools-for-stm32.10.3-2021.10.linux64_1.0.100.202210260954/tools/bin/../lib/gcc/arm-none-eabi/10.3.1/../../../../arm-none-eabi/lib/thumb/v7e-m+fp/hard/libc_nano.a(lib_a-lock.o)
                0x0000000008008d28                __retarget_lock_acquire_recursive
 .text.__retarget_lock_release_recursive
                0x0000000008008d2a        0x2 /opt/st/stm32cubeide_1.11.2/plugins/com.st.stm32cube.ide.mcu.externaltools.gnu-tools-for-stm32.10.3-2021.10.linux64_1.0.100.202210260954/tools/bin/../lib/gcc/arm-none-eabi/10.3.1/../../../../arm-none-eabi/lib/thumb/v7e-m+fp/hard/libc_nano.a(lib_a-lock.o)
                0x0000000008008d2a                __retarget_lock_release_recursive
 .text.memcpy   0x0000000008008d2c       0x1c /opt/st/stm32cubeide_1.11.2/plugins/com.st.stm32cube.ide.mcu.externaltools.gnu-tools-for-stm32.10.3-2021.10.linux64_1.0.100.202210260954/tools/bin/../lib/gcc/arm-none-eabi/10.3.1/../../../../arm-none-eabi/lib/thumb/v7e-m+fp/hard/libc_nano.a(lib_a-memcpy-stub.o)
                0x0000000008008d2c                memcpy
 .text.memmove  0x0000000008008d48       0x34 /opt/st/stm32cubeide_1.11.2/plugins/com.st.stm32cube.ide.mcu.externaltools.gnu-tools-for-stm32.10.3-2021.10.linux64_1.0.100.202210260954/tools/bin/../lib/gcc/arm-none-eabi/10.3.1/../../../../arm-none-eabi/lib/thumb/v7e-m+fp/hard/libc_nano.a(lib_a-memmove.o)
                0x0000000008008d48                memmove
 .text._realloc_r
                0x0000000008008d7c       0x5e /opt/st/stm32cubeide_1.11.2/plugins/com.st.stm32cube.ide.mcu.externaltools.gnu-tools-for-stm32.10.3-2021.10.linux64_1.0.100.202210260954/tools/bin/../lib/gcc/arm-none-eabi/10.3.1/../../../../arm-none-eabi/lib/thumb/v7e-m+fp/hard/libc_nano.a(lib_a-nano-reallocr.o)
                0x0000000008008d7c                _realloc_r
 .text._malloc_usable_size_r
                0x0000000008008dda       0x10 /opt/st/stm32cubeide_1.11.2/plugins/com.st.stm32cube.ide.mcu.externaltools.gnu-tools-for-stm32.10.3-2021.10.linux64_1.0.100.202210260954/tools/bin/../lib/gcc/arm-none-eabi/10.3.1/../../../../arm-none-eabi/lib/thumb/v7e-m+fp/hard/libc_nano.a(lib_a-nano-msizer.o)
                0x0000000008008dda                _malloc_usable_size_r
 *(.glue_7)
 .glue_7        0x0000000008008dea        0x0 linker stubs
 *(.glue_7t)
 .glue_7t       0x0000000008008dea        0x0 linker stubs
 *(.eh_frame)
 *fill*         0x0000000008008dea        0x2 
 .eh_frame      0x0000000008008dec        0x0 /opt/st/stm32cubeide_1.11.2/plugins/com.st.stm32cube.ide.mcu.externaltools.gnu-tools-for-stm32.10.3-2021.10.linux64_1.0.100.202210260954/tools/bin/../lib/gcc/arm-none-eabi/10.3.1/thumb/v7e-m+fp/hard/crtbegin.o
 *(.init)
 .init          0x0000000008008dec        0x4 /opt/st/stm32cubeide_1.11.2/plugins/com.st.stm32cube.ide.mcu.externaltools.gnu-tools-for-stm32.10.3-2021.10.linux64_1.0.100.202210260954/tools/bin/../lib/gcc/arm-none-eabi/10.3.1/thumb/v7e-m+fp/hard/crti.o
                0x0000000008008dec                _init
 .init          0x0000000008008df0        0x8 /opt/st/stm32cubeide_1.11.2/plugins/com.st.stm32cube.ide.mcu.externaltools.gnu-tools-for-stm32.10.3-2021.10.linux64_1.0.100.202210260954/tools/bin/../lib/gcc/arm-none-eabi/10.3.1/thumb/v7e-m+fp/hard/crtn.o
 *(.fini)
 .fini          0x0000000008008df8        0x4 /opt/st/stm32cubeide_1.11.2/plugins/com.st.stm32cube.ide.mcu.externaltools.gnu-tools-for-stm32.10.3-2021.10.linux64_1.0.100.202210260954/tools/bin/../lib/gcc/arm-none-eabi/10.3.1/thumb/v7e-m+fp/hard/crti.o
                0x0000000008008df8                _fini
 .fini          0x0000000008008dfc        0x8 /opt/st/stm32cubeide_1.11.2/plugins/com.st.stm32cube.ide.mcu.externaltools.gnu-tools-for-stm32.10.3-2021.10.linux64_1.0.100.202210260954/tools/bin/../lib/gcc/arm-none-eabi/10.3.1/thumb/v7e-m+fp/hard/crtn.o
                0x0000000008008e04                . = ALIGN (0x4)
                0x0000000008008e04                _etext = .

.vfp11_veneer   0x0000000008008e04        0x0
 .vfp11_veneer  0x0000000008008e04        0x0 linker stubs

.v4_bx          0x0000000008008e04        0x0
 .v4_bx         0x0000000008008e04        0x0 linker stubs

.iplt           0x0000000008008e04        0x0
 .iplt          0x0000000008008e04        0x0 /opt/st/stm32cubeide_1.11.2/plugins/com.st.stm32cube.ide.mcu.externaltools.gnu-tools-for-stm32.10.3-2021.10.linux64_1.0.100.202210260954/tools/bin/../lib/gcc/arm-none-eabi/10.3.1/thumb/v7e-m+fp/hard/crtbegin.o

.rodata         0x0000000008008e04      0x3b8
                0x0000000008008e04                . = ALIGN (0x4)
 *(.rodata)
 .rodata        0x0000000008008e04       0xd5 ./Core/Src/main.o
 *(.rodata*)
 *fill*         0x0000000008008ed9        0x3 
 .rodata.tankRightChar
                0x0000000008008edc        0x8 ./Core/Src/main.o
                0x0000000008008edc                tankRightChar
 .rodata.tankLeftChar
                0x0000000008008ee4        0x8 ./Core/Src/main.o
                0x0000000008008ee4                tankLeftChar
 .rodata.tankDownChar
                0x0000000008008eec        0x8 ./Core/Src/main.o
                0x0000000008008eec                tankDownChar
 .rodata.tankUpChar
                0x0000000008008ef4        0x8 ./Core/Src/main.o
                0x0000000008008ef4                tankUpChar
 .rodata.healthChar
                0x0000000008008efc        0x8 ./Core/Src/main.o
                0x0000000008008efc                healthChar
 .rodata.barrierChar
                0x0000000008008f04        0x8 ./Core/Src/main.o
                0x0000000008008f04                barrierChar
 .rodata.bulletChar
                0x0000000008008f0c        0x8 ./Core/Src/main.o
                0x0000000008008f0c                bulletChar
 .rodata.questionmarkChar
                0x0000000008008f14        0x8 ./Core/Src/main.o
                0x0000000008008f14                questionmarkChar
 .rodata.Row_ports
                0x0000000008008f1c       0x10 ./Core/Src/main.o
                0x0000000008008f1c                Row_ports
 .rodata.Row_pins
                0x0000000008008f2c        0x8 ./Core/Src/main.o
                0x0000000008008f2c                Row_pins
 .rodata.Column_ports
                0x0000000008008f34       0x10 ./Core/Src/main.o
                0x0000000008008f34                Column_ports
 .rodata.Column_pins
                0x0000000008008f44        0x8 ./Core/Src/main.o
                0x0000000008008f44                Column_pins
 .rodata.super_mario_bros
                0x0000000008008f4c      0x104 ./Core/Src/stm32f3xx_it.o
                0x0000000008008f4c                super_mario_bros
 .rodata.AHBPrescTable
                0x0000000008009050       0x10 ./Core/Src/system_stm32f3xx.o
                0x0000000008009050                AHBPrescTable
 .rodata.APBPrescTable
                0x0000000008009060        0x8 ./Core/Src/system_stm32f3xx.o
                0x0000000008009060                APBPrescTable
 .rodata.aPLLMULFactorTable
                0x0000000008009068       0x10 ./Drivers/STM32F3xx_HAL_Driver/Src/stm32f3xx_hal_rcc.o
 .rodata.aPredivFactorTable
                0x0000000008009078       0x10 ./Drivers/STM32F3xx_HAL_Driver/Src/stm32f3xx_hal_rcc.o
 .rodata._ctype_
                0x0000000008009088      0x101 /opt/st/stm32cubeide_1.11.2/plugins/com.st.stm32cube.ide.mcu.externaltools.gnu-tools-for-stm32.10.3-2021.10.linux64_1.0.100.202210260954/tools/bin/../lib/gcc/arm-none-eabi/10.3.1/../../../../arm-none-eabi/lib/thumb/v7e-m+fp/hard/libc_nano.a(lib_a-ctype_.o)
                0x0000000008009088                _ctype_
 .rodata._svfprintf_r.str1.1
                0x0000000008009189       0x11 /opt/st/stm32cubeide_1.11.2/plugins/com.st.stm32cube.ide.mcu.externaltools.gnu-tools-for-stm32.10.3-2021.10.linux64_1.0.100.202210260954/tools/bin/../lib/gcc/arm-none-eabi/10.3.1/../../../../arm-none-eabi/lib/thumb/v7e-m+fp/hard/libc_nano.a(lib_a-nano-svfprintf.o)
 .rodata._printf_i.str1.1
                0x000000000800919a       0x22 /opt/st/stm32cubeide_1.11.2/plugins/com.st.stm32cube.ide.mcu.externaltools.gnu-tools-for-stm32.10.3-2021.10.linux64_1.0.100.202210260954/tools/bin/../lib/gcc/arm-none-eabi/10.3.1/../../../../arm-none-eabi/lib/thumb/v7e-m+fp/hard/libc_nano.a(lib_a-nano-vfprintf_i.o)
                0x00000000080091bc                . = ALIGN (0x4)

.rel.dyn        0x00000000080091bc        0x0
 .rel.iplt      0x00000000080091bc        0x0 /opt/st/stm32cubeide_1.11.2/plugins/com.st.stm32cube.ide.mcu.externaltools.gnu-tools-for-stm32.10.3-2021.10.linux64_1.0.100.202210260954/tools/bin/../lib/gcc/arm-none-eabi/10.3.1/thumb/v7e-m+fp/hard/crtbegin.o

.ARM.extab      0x00000000080091bc        0x0
                0x00000000080091bc                . = ALIGN (0x4)
 *(.ARM.extab* .gnu.linkonce.armextab.*)
                0x00000000080091bc                . = ALIGN (0x4)

.ARM            0x00000000080091bc        0x0
                0x00000000080091bc                . = ALIGN (0x4)
                0x00000000080091bc                __exidx_start = .
 *(.ARM.exidx*)
                0x00000000080091bc                __exidx_end = .
                0x00000000080091bc                . = ALIGN (0x4)

.preinit_array  0x00000000080091bc        0x0
                0x00000000080091bc                . = ALIGN (0x4)
                0x00000000080091bc                PROVIDE (__preinit_array_start = .)
 *(.preinit_array*)
                0x00000000080091bc                PROVIDE (__preinit_array_end = .)
                0x00000000080091bc                . = ALIGN (0x4)

.init_array     0x00000000080091bc        0x4
                0x00000000080091bc                . = ALIGN (0x4)
                0x00000000080091bc                PROVIDE (__init_array_start = .)
 *(SORT_BY_NAME(.init_array.*))
 *(.init_array*)
 .init_array    0x00000000080091bc        0x4 /opt/st/stm32cubeide_1.11.2/plugins/com.st.stm32cube.ide.mcu.externaltools.gnu-tools-for-stm32.10.3-2021.10.linux64_1.0.100.202210260954/tools/bin/../lib/gcc/arm-none-eabi/10.3.1/thumb/v7e-m+fp/hard/crtbegin.o
                0x00000000080091c0                PROVIDE (__init_array_end = .)
                0x00000000080091c0                . = ALIGN (0x4)

.fini_array     0x00000000080091c0        0x4
                0x00000000080091c0                . = ALIGN (0x4)
                [!provide]                        PROVIDE (__fini_array_start = .)
 *(SORT_BY_NAME(.fini_array.*))
 *(.fini_array*)
 .fini_array    0x00000000080091c0        0x4 /opt/st/stm32cubeide_1.11.2/plugins/com.st.stm32cube.ide.mcu.externaltools.gnu-tools-for-stm32.10.3-2021.10.linux64_1.0.100.202210260954/tools/bin/../lib/gcc/arm-none-eabi/10.3.1/thumb/v7e-m+fp/hard/crtbegin.o
                [!provide]                        PROVIDE (__fini_array_end = .)
                0x00000000080091c4                . = ALIGN (0x4)
                0x00000000080091c4                _sidata = LOADADDR (.data)

.data           0x0000000020000000       0xf8 load address 0x00000000080091c4
                0x0000000020000000                . = ALIGN (0x4)
                0x0000000020000000                _sdata = .
 *(.data)
 *(.data*)
 .data._fourbit_mode
                0x0000000020000000        0x1 ./Core/Src/LiquidCrystal.o
                0x0000000020000000                _fourbit_mode
 *fill*         0x0000000020000001        0x3 
 .data.dfSetting
                0x0000000020000004        0xc ./Core/Src/main.o
                0x0000000020000004                dfSetting
 .data.teamMembers
                0x0000000020000010       0x14 ./Core/Src/main.o
                0x0000000020000010                teamMembers
 .data.uarttime
                0x0000000020000024        0x4 ./Core/Src/main.o
                0x0000000020000024                uarttime
 .data.seven_segment
                0x0000000020000028       0x54 ./Core/Src/program.o
                0x0000000020000028                seven_segment
 .data.pwm_timer
                0x000000002000007c        0x4 ./Core/Src/stm32f3xx_it.o
                0x000000002000007c                pwm_timer
 .data.pwm_channel
                0x0000000020000080        0x4 ./Core/Src/stm32f3xx_it.o
                0x0000000020000080                pwm_channel
 .data.volume   0x0000000020000084        0x2 ./Core/Src/stm32f3xx_it.o
                0x0000000020000084                volume
 *fill*         0x0000000020000086        0x2 
 .data.SystemCoreClock
                0x0000000020000088        0x4 ./Core/Src/system_stm32f3xx.o
                0x0000000020000088                SystemCoreClock
 .data.uwTickPrio
                0x000000002000008c        0x4 ./Drivers/STM32F3xx_HAL_Driver/Src/stm32f3xx_hal.o
                0x000000002000008c                uwTickPrio
 .data.uwTickFreq
                0x0000000020000090        0x1 ./Drivers/STM32F3xx_HAL_Driver/Src/stm32f3xx_hal.o
                0x0000000020000090                uwTickFreq
 *fill*         0x0000000020000091        0x3 
 .data._impure_ptr
                0x0000000020000094        0x4 /opt/st/stm32cubeide_1.11.2/plugins/com.st.stm32cube.ide.mcu.externaltools.gnu-tools-for-stm32.10.3-2021.10.linux64_1.0.100.202210260954/tools/bin/../lib/gcc/arm-none-eabi/10.3.1/../../../../arm-none-eabi/lib/thumb/v7e-m+fp/hard/libc_nano.a(lib_a-impure.o)
                0x0000000020000094                _impure_ptr
 .data.impure_data
                0x0000000020000098       0x60 /opt/st/stm32cubeide_1.11.2/plugins/com.st.stm32cube.ide.mcu.externaltools.gnu-tools-for-stm32.10.3-2021.10.linux64_1.0.100.202210260954/tools/bin/../lib/gcc/arm-none-eabi/10.3.1/../../../../arm-none-eabi/lib/thumb/v7e-m+fp/hard/libc_nano.a(lib_a-impure.o)
 *(.RamFunc)
 *(.RamFunc*)
                0x00000000200000f8                . = ALIGN (0x4)
                0x00000000200000f8                _edata = .
                0x00000000080092bc                _siccmram = LOADADDR (.ccmram)

.igot.plt       0x00000000200000f8        0x0 load address 0x00000000080092bc
 .igot.plt      0x00000000200000f8        0x0 /opt/st/stm32cubeide_1.11.2/plugins/com.st.stm32cube.ide.mcu.externaltools.gnu-tools-for-stm32.10.3-2021.10.linux64_1.0.100.202210260954/tools/bin/../lib/gcc/arm-none-eabi/10.3.1/thumb/v7e-m+fp/hard/crtbegin.o

.ccmram         0x0000000010000000        0x0 load address 0x00000000080092bc
                0x0000000010000000                . = ALIGN (0x4)
                0x0000000010000000                _sccmram = .
 *(.ccmram)
 *(.ccmram*)
                0x0000000010000000                . = ALIGN (0x4)
                0x0000000010000000                _eccmram = .
                0x0000000010000000                . = ALIGN (0x4)

.bss            0x00000000200000f8      0xb54
                0x00000000200000f8                _sbss = .
                0x00000000200000f8                __bss_start__ = _sbss
 *(.bss)
 .bss           0x00000000200000f8       0x1c /opt/st/stm32cubeide_1.11.2/plugins/com.st.stm32cube.ide.mcu.externaltools.gnu-tools-for-stm32.10.3-2021.10.linux64_1.0.100.202210260954/tools/bin/../lib/gcc/arm-none-eabi/10.3.1/thumb/v7e-m+fp/hard/crtbegin.o
 *(.bss*)
 .bss.dotsize   0x0000000020000114        0x1 ./Core/Src/LiquidCrystal.o
                0x0000000020000114                dotsize
 *fill*         0x0000000020000115        0x1 
 .bss._rs_pin   0x0000000020000116        0x2 ./Core/Src/LiquidCrystal.o
                0x0000000020000116                _rs_pin
 .bss._rw_pin   0x0000000020000118        0x2 ./Core/Src/LiquidCrystal.o
                0x0000000020000118                _rw_pin
 .bss._enable_pin
                0x000000002000011a        0x2 ./Core/Src/LiquidCrystal.o
                0x000000002000011a                _enable_pin
 .bss._data_pins
                0x000000002000011c       0x10 ./Core/Src/LiquidCrystal.o
                0x000000002000011c                _data_pins
 .bss._port     0x000000002000012c        0x4 ./Core/Src/LiquidCrystal.o
                0x000000002000012c                _port
 .bss._displayfunction
                0x0000000020000130        0x1 ./Core/Src/LiquidCrystal.o
                0x0000000020000130                _displayfunction
 .bss._displaycontrol
                0x0000000020000131        0x1 ./Core/Src/LiquidCrystal.o
                0x0000000020000131                _displaycontrol
 .bss._displaymode
                0x0000000020000132        0x1 ./Core/Src/LiquidCrystal.o
                0x0000000020000132                _displaymode
 .bss._numlines
                0x0000000020000133        0x1 ./Core/Src/LiquidCrystal.o
                0x0000000020000133                _numlines
 .bss._row_offsets
                0x0000000020000134        0x4 ./Core/Src/LiquidCrystal.o
                0x0000000020000134                _row_offsets
 .bss.hrtc      0x0000000020000138       0x20 ./Core/Src/main.o
                0x0000000020000138                hrtc
 .bss.htim1     0x0000000020000158       0x4c ./Core/Src/main.o
                0x0000000020000158                htim1
 .bss.htim2     0x00000000200001a4       0x4c ./Core/Src/main.o
                0x00000000200001a4                htim2
 .bss.huart3    0x00000000200001f0       0x88 ./Core/Src/main.o
                0x00000000200001f0                huart3
 .bss.menuOption
                0x0000000020000278       0x18 ./Core/Src/main.o
                0x0000000020000278                menuOption
 .bss.player    0x0000000020000290       0x40 ./Core/Src/main.o
                0x0000000020000290                player
 .bss.initPageFlag
                0x00000000200002d0        0x4 ./Core/Src/main.o
                0x00000000200002d0                initPageFlag
 .bss.menuFlag  0x00000000200002d4        0x4 ./Core/Src/main.o
                0x00000000200002d4                menuFlag
 .bss.clearLcdFlag
                0x00000000200002d8        0x4 ./Core/Src/main.o
                0x00000000200002d8                clearLcdFlag
 .bss.initPageExecuted
                0x00000000200002dc        0x4 ./Core/Src/main.o
                0x00000000200002dc                initPageExecuted
 .bss.menuPageExecuted
                0x00000000200002e0        0x4 ./Core/Src/main.o
                0x00000000200002e0                menuPageExecuted
 .bss.menuPointerLocation
                0x00000000200002e4        0x4 ./Core/Src/main.o
                0x00000000200002e4                menuPointerLocation
 .bss.settingPointerLocation
                0x00000000200002e8        0x4 ./Core/Src/main.o
                0x00000000200002e8                settingPointerLocation
 .bss.mytime    0x00000000200002ec       0x14 ./Core/Src/main.o
                0x00000000200002ec                mytime
 .bss.mydate    0x0000000020000300        0x4 ./Core/Src/main.o
                0x0000000020000300                mydate
 .bss.num_shooted_bullet
                0x0000000020000304        0x4 ./Core/Src/main.o
                0x0000000020000304                num_shooted_bullet
 .bss.bullets   0x0000000020000308      0x640 ./Core/Src/main.o
                0x0000000020000308                bullets
 .bss.array     0x0000000020000948      0x140 ./Core/Src/main.o
                0x0000000020000948                array
 .bss.prevarray
                0x0000000020000a88      0x140 ./Core/Src/main.o
                0x0000000020000a88                prevarray
 .bss.shootflag
                0x0000000020000bc8        0x4 ./Core/Src/main.o
                0x0000000020000bc8                shootflag
 .bss.last_gpio_exti
                0x0000000020000bcc        0x4 ./Core/Src/main.o
                0x0000000020000bcc                last_gpio_exti
 .bss.rx_byte   0x0000000020000bd0        0x1 ./Core/Src/main.o
                0x0000000020000bd0                rx_byte
 *fill*         0x0000000020000bd1        0x3 
 .bss.idx       0x0000000020000bd4        0x4 ./Core/Src/main.o
                0x0000000020000bd4                idx
 .bss.inArray   0x0000000020000bd8        0x9 ./Core/Src/main.o
                0x0000000020000bd8                inArray
 *fill*         0x0000000020000be1        0x3 
 .bss.inputHours
                0x0000000020000be4        0x3 ./Core/Src/main.o
                0x0000000020000be4                inputHours
 *fill*         0x0000000020000be7        0x1 
 .bss.inputMin  0x0000000020000be8        0x3 ./Core/Src/main.o
                0x0000000020000be8                inputMin
 *fill*         0x0000000020000beb        0x1 
 .bss.inputSec  0x0000000020000bec        0x3 ./Core/Src/main.o
                0x0000000020000bec                inputSec
 *fill*         0x0000000020000bef        0x1 
 .bss.hour      0x0000000020000bf0        0x4 ./Core/Src/main.o
                0x0000000020000bf0                hour
 .bss.minute    0x0000000020000bf4        0x4 ./Core/Src/main.o
                0x0000000020000bf4                minute
 .bss.second    0x0000000020000bf8        0x4 ./Core/Src/main.o
                0x0000000020000bf8                second
 .bss.inputYear
                0x0000000020000bfc        0x3 ./Core/Src/main.o
                0x0000000020000bfc                inputYear
 *fill*         0x0000000020000bff        0x1 
 .bss.inputMonth
                0x0000000020000c00        0x3 ./Core/Src/main.o
                0x0000000020000c00                inputMonth
 *fill*         0x0000000020000c03        0x1 
 .bss.inputDay  0x0000000020000c04        0x3 ./Core/Src/main.o
                0x0000000020000c04                inputDay
 *fill*         0x0000000020000c07        0x1 
 .bss.year      0x0000000020000c08        0x4 ./Core/Src/main.o
                0x0000000020000c08                year
 .bss.month     0x0000000020000c0c        0x4 ./Core/Src/main.o
                0x0000000020000c0c                month
 .bss.day       0x0000000020000c10        0x4 ./Core/Src/main.o
                0x0000000020000c10                day
 .bss.timeFlag  0x0000000020000c14        0x4 ./Core/Src/main.o
                0x0000000020000c14                timeFlag
 .bss.uartdate  0x0000000020000c18        0x4 ./Core/Src/main.o
                0x0000000020000c18                uartdate
 .bss.counter   0x0000000020000c1c        0x4 ./Core/Src/main.o
                0x0000000020000c1c                counter
 .bss.last_time.1
                0x0000000020000c20        0x4 ./Core/Src/program.o
 .bss.state.0   0x0000000020000c24        0x4 ./Core/Src/program.o
 .bss.melody_ptr
                0x0000000020000c28        0x4 ./Core/Src/stm32f3xx_it.o
                0x0000000020000c28                melody_ptr
 .bss.melody_tone_count
                0x0000000020000c2c        0x2 ./Core/Src/stm32f3xx_it.o
                0x0000000020000c2c                melody_tone_count
 .bss.current_tone_number
                0x0000000020000c2e        0x2 ./Core/Src/stm32f3xx_it.o
                0x0000000020000c2e                current_tone_number
 .bss.current_tone_end
                0x0000000020000c30        0x4 ./Core/Src/stm32f3xx_it.o
                0x0000000020000c30                current_tone_end
 .bss.__sbrk_heap_end
                0x0000000020000c34        0x4 ./Core/Src/sysmem.o
 .bss.uwTick    0x0000000020000c38        0x4 ./Drivers/STM32F3xx_HAL_Driver/Src/stm32f3xx_hal.o
                0x0000000020000c38                uwTick
 .bss.__malloc_free_list
                0x0000000020000c3c        0x4 /opt/st/stm32cubeide_1.11.2/plugins/com.st.stm32cube.ide.mcu.externaltools.gnu-tools-for-stm32.10.3-2021.10.linux64_1.0.100.202210260954/tools/bin/../lib/gcc/arm-none-eabi/10.3.1/../../../../arm-none-eabi/lib/thumb/v7e-m+fp/hard/libc_nano.a(lib_a-nano-mallocr.o)
                0x0000000020000c3c                __malloc_free_list
 .bss.__malloc_sbrk_start
                0x0000000020000c40        0x4 /opt/st/stm32cubeide_1.11.2/plugins/com.st.stm32cube.ide.mcu.externaltools.gnu-tools-for-stm32.10.3-2021.10.linux64_1.0.100.202210260954/tools/bin/../lib/gcc/arm-none-eabi/10.3.1/../../../../arm-none-eabi/lib/thumb/v7e-m+fp/hard/libc_nano.a(lib_a-nano-mallocr.o)
                0x0000000020000c40                __malloc_sbrk_start
 .bss.errno     0x0000000020000c44        0x4 /opt/st/stm32cubeide_1.11.2/plugins/com.st.stm32cube.ide.mcu.externaltools.gnu-tools-for-stm32.10.3-2021.10.linux64_1.0.100.202210260954/tools/bin/../lib/gcc/arm-none-eabi/10.3.1/../../../../arm-none-eabi/lib/thumb/v7e-m+fp/hard/libc_nano.a(lib_a-reent.o)
                0x0000000020000c44                errno
 .bss.__lock___malloc_recursive_mutex
                0x0000000020000c48        0x1 /opt/st/stm32cubeide_1.11.2/plugins/com.st.stm32cube.ide.mcu.externaltools.gnu-tools-for-stm32.10.3-2021.10.linux64_1.0.100.202210260954/tools/bin/../lib/gcc/arm-none-eabi/10.3.1/../../../../arm-none-eabi/lib/thumb/v7e-m+fp/hard/libc_nano.a(lib_a-lock.o)
                0x0000000020000c48                __lock___malloc_recursive_mutex
 *(COMMON)
                0x0000000020000c4c                . = ALIGN (0x4)
 *fill*         0x0000000020000c49        0x3 
                0x0000000020000c4c                _ebss = .
                0x0000000020000c4c                __bss_end__ = _ebss

._user_heap_stack
                0x0000000020000c4c      0x604
                0x0000000020000c50                . = ALIGN (0x8)
 *fill*         0x0000000020000c4c        0x4 
                [!provide]                        PROVIDE (end = .)
                0x0000000020000c50                PROVIDE (_end = .)
                0x0000000020000e50                . = (. + _Min_Heap_Size)
 *fill*         0x0000000020000c50      0x200 
                0x0000000020001250                . = (. + _Min_Stack_Size)
 *fill*         0x0000000020000e50      0x400 
                0x0000000020001250                . = ALIGN (0x8)

/DISCARD/
 libc.a(*)
 libm.a(*)
 libgcc.a(*)

.ARM.attributes
                0x0000000000000000       0x30
 *(.ARM.attributes)
 .ARM.attributes
                0x0000000000000000       0x1e /opt/st/stm32cubeide_1.11.2/plugins/com.st.stm32cube.ide.mcu.externaltools.gnu-tools-for-stm32.10.3-2021.10.linux64_1.0.100.202210260954/tools/bin/../lib/gcc/arm-none-eabi/10.3.1/thumb/v7e-m+fp/hard/crti.o
 .ARM.attributes
                0x000000000000001e       0x34 /opt/st/stm32cubeide_1.11.2/plugins/com.st.stm32cube.ide.mcu.externaltools.gnu-tools-for-stm32.10.3-2021.10.linux64_1.0.100.202210260954/tools/bin/../lib/gcc/arm-none-eabi/10.3.1/thumb/v7e-m+fp/hard/crtbegin.o
 .ARM.attributes
                0x0000000000000052       0x34 ./Core/Src/LiquidCrystal.o
 .ARM.attributes
                0x0000000000000086       0x34 ./Core/Src/main.o
 .ARM.attributes
                0x00000000000000ba       0x34 ./Core/Src/program.o
 .ARM.attributes
                0x00000000000000ee       0x34 ./Core/Src/stm32f3xx_hal_msp.o
 .ARM.attributes
                0x0000000000000122       0x34 ./Core/Src/stm32f3xx_it.o
 .ARM.attributes
                0x0000000000000156       0x34 ./Core/Src/sysmem.o
 .ARM.attributes
                0x000000000000018a       0x34 ./Core/Src/system_stm32f3xx.o
 .ARM.attributes
                0x00000000000001be       0x21 ./Core/Startup/startup_stm32f303vctx.o
 .ARM.attributes
                0x00000000000001df       0x34 ./Drivers/STM32F3xx_HAL_Driver/Src/stm32f3xx_hal.o
 .ARM.attributes
                0x0000000000000213       0x34 ./Drivers/STM32F3xx_HAL_Driver/Src/stm32f3xx_hal_cortex.o
 .ARM.attributes
                0x0000000000000247       0x34 ./Drivers/STM32F3xx_HAL_Driver/Src/stm32f3xx_hal_dma.o
 .ARM.attributes
                0x000000000000027b       0x34 ./Drivers/STM32F3xx_HAL_Driver/Src/stm32f3xx_hal_gpio.o
 .ARM.attributes
                0x00000000000002af       0x34 ./Drivers/STM32F3xx_HAL_Driver/Src/stm32f3xx_hal_rcc.o
 .ARM.attributes
                0x00000000000002e3       0x34 ./Drivers/STM32F3xx_HAL_Driver/Src/stm32f3xx_hal_rcc_ex.o
 .ARM.attributes
                0x0000000000000317       0x34 ./Drivers/STM32F3xx_HAL_Driver/Src/stm32f3xx_hal_rtc.o
 .ARM.attributes
                0x000000000000034b       0x34 ./Drivers/STM32F3xx_HAL_Driver/Src/stm32f3xx_hal_tim.o
 .ARM.attributes
                0x000000000000037f       0x34 ./Drivers/STM32F3xx_HAL_Driver/Src/stm32f3xx_hal_tim_ex.o
 .ARM.attributes
                0x00000000000003b3       0x34 ./Drivers/STM32F3xx_HAL_Driver/Src/stm32f3xx_hal_uart.o
 .ARM.attributes
                0x00000000000003e7       0x34 ./Drivers/STM32F3xx_HAL_Driver/Src/stm32f3xx_hal_uart_ex.o
 .ARM.attributes
                0x000000000000041b       0x34 /opt/st/stm32cubeide_1.11.2/plugins/com.st.stm32cube.ide.mcu.externaltools.gnu-tools-for-stm32.10.3-2021.10.linux64_1.0.100.202210260954/tools/bin/../lib/gcc/arm-none-eabi/10.3.1/../../../../arm-none-eabi/lib/thumb/v7e-m+fp/hard/libc_nano.a(lib_a-atoi.o)
 .ARM.attributes
                0x000000000000044f       0x34 /opt/st/stm32cubeide_1.11.2/plugins/com.st.stm32cube.ide.mcu.externaltools.gnu-tools-for-stm32.10.3-2021.10.linux64_1.0.100.202210260954/tools/bin/../lib/gcc/arm-none-eabi/10.3.1/../../../../arm-none-eabi/lib/thumb/v7e-m+fp/hard/libc_nano.a(lib_a-errno.o)
 .ARM.attributes
                0x0000000000000483       0x34 /opt/st/stm32cubeide_1.11.2/plugins/com.st.stm32cube.ide.mcu.externaltools.gnu-tools-for-stm32.10.3-2021.10.linux64_1.0.100.202210260954/tools/bin/../lib/gcc/arm-none-eabi/10.3.1/../../../../arm-none-eabi/lib/thumb/v7e-m+fp/hard/libc_nano.a(lib_a-impure.o)
 .ARM.attributes
                0x00000000000004b7       0x34 /opt/st/stm32cubeide_1.11.2/plugins/com.st.stm32cube.ide.mcu.externaltools.gnu-tools-for-stm32.10.3-2021.10.linux64_1.0.100.202210260954/tools/bin/../lib/gcc/arm-none-eabi/10.3.1/../../../../arm-none-eabi/lib/thumb/v7e-m+fp/hard/libc_nano.a(lib_a-init.o)
 .ARM.attributes
                0x00000000000004eb       0x34 /opt/st/stm32cubeide_1.11.2/plugins/com.st.stm32cube.ide.mcu.externaltools.gnu-tools-for-stm32.10.3-2021.10.linux64_1.0.100.202210260954/tools/bin/../lib/gcc/arm-none-eabi/10.3.1/../../../../arm-none-eabi/lib/thumb/v7e-m+fp/hard/libc_nano.a(lib_a-malloc.o)
 .ARM.attributes
                0x000000000000051f       0x34 /opt/st/stm32cubeide_1.11.2/plugins/com.st.stm32cube.ide.mcu.externaltools.gnu-tools-for-stm32.10.3-2021.10.linux64_1.0.100.202210260954/tools/bin/../lib/gcc/arm-none-eabi/10.3.1/../../../../arm-none-eabi/lib/thumb/v7e-m+fp/hard/libc_nano.a(lib_a-memset.o)
 .ARM.attributes
                0x0000000000000553       0x34 /opt/st/stm32cubeide_1.11.2/plugins/com.st.stm32cube.ide.mcu.externaltools.gnu-tools-for-stm32.10.3-2021.10.linux64_1.0.100.202210260954/tools/bin/../lib/gcc/arm-none-eabi/10.3.1/../../../../arm-none-eabi/lib/thumb/v7e-m+fp/hard/libc_nano.a(lib_a-nano-freer.o)
 .ARM.attributes
                0x0000000000000587       0x34 /opt/st/stm32cubeide_1.11.2/plugins/com.st.stm32cube.ide.mcu.externaltools.gnu-tools-for-stm32.10.3-2021.10.linux64_1.0.100.202210260954/tools/bin/../lib/gcc/arm-none-eabi/10.3.1/../../../../arm-none-eabi/lib/thumb/v7e-m+fp/hard/libc_nano.a(lib_a-nano-mallocr.o)
 .ARM.attributes
                0x00000000000005bb       0x34 /opt/st/stm32cubeide_1.11.2/plugins/com.st.stm32cube.ide.mcu.externaltools.gnu-tools-for-stm32.10.3-2021.10.linux64_1.0.100.202210260954/tools/bin/../lib/gcc/arm-none-eabi/10.3.1/../../../../arm-none-eabi/lib/thumb/v7e-m+fp/hard/libc_nano.a(lib_a-sbrkr.o)
 .ARM.attributes
                0x00000000000005ef       0x34 /opt/st/stm32cubeide_1.11.2/plugins/com.st.stm32cube.ide.mcu.externaltools.gnu-tools-for-stm32.10.3-2021.10.linux64_1.0.100.202210260954/tools/bin/../lib/gcc/arm-none-eabi/10.3.1/../../../../arm-none-eabi/lib/thumb/v7e-m+fp/hard/libc_nano.a(lib_a-sprintf.o)
 .ARM.attributes
                0x0000000000000623       0x1c /opt/st/stm32cubeide_1.11.2/plugins/com.st.stm32cube.ide.mcu.externaltools.gnu-tools-for-stm32.10.3-2021.10.linux64_1.0.100.202210260954/tools/bin/../lib/gcc/arm-none-eabi/10.3.1/../../../../arm-none-eabi/lib/thumb/v7e-m+fp/hard/libc_nano.a(lib_a-strcmp.o)
 .ARM.attributes
                0x000000000000063f       0x17 /opt/st/stm32cubeide_1.11.2/plugins/com.st.stm32cube.ide.mcu.externaltools.gnu-tools-for-stm32.10.3-2021.10.linux64_1.0.100.202210260954/tools/bin/../lib/gcc/arm-none-eabi/10.3.1/../../../../arm-none-eabi/lib/thumb/v7e-m+fp/hard/libc_nano.a(lib_a-strlen.o)
 .ARM.attributes
                0x0000000000000656       0x34 /opt/st/stm32cubeide_1.11.2/plugins/com.st.stm32cube.ide.mcu.externaltools.gnu-tools-for-stm32.10.3-2021.10.linux64_1.0.100.202210260954/tools/bin/../lib/gcc/arm-none-eabi/10.3.1/../../../../arm-none-eabi/lib/thumb/v7e-m+fp/hard/libc_nano.a(lib_a-strtol.o)
 .ARM.attributes
                0x000000000000068a       0x34 /opt/st/stm32cubeide_1.11.2/plugins/com.st.stm32cube.ide.mcu.externaltools.gnu-tools-for-stm32.10.3-2021.10.linux64_1.0.100.202210260954/tools/bin/../lib/gcc/arm-none-eabi/10.3.1/../../../../arm-none-eabi/lib/thumb/v7e-m+fp/hard/libc_nano.a(lib_a-ctype_.o)
 .ARM.attributes
                0x00000000000006be       0x34 /opt/st/stm32cubeide_1.11.2/plugins/com.st.stm32cube.ide.mcu.externaltools.gnu-tools-for-stm32.10.3-2021.10.linux64_1.0.100.202210260954/tools/bin/../lib/gcc/arm-none-eabi/10.3.1/../../../../arm-none-eabi/lib/thumb/v7e-m+fp/hard/libc_nano.a(lib_a-mlock.o)
 .ARM.attributes
                0x00000000000006f2       0x34 /opt/st/stm32cubeide_1.11.2/plugins/com.st.stm32cube.ide.mcu.externaltools.gnu-tools-for-stm32.10.3-2021.10.linux64_1.0.100.202210260954/tools/bin/../lib/gcc/arm-none-eabi/10.3.1/../../../../arm-none-eabi/lib/thumb/v7e-m+fp/hard/libc_nano.a(lib_a-nano-svfprintf.o)
 .ARM.attributes
                0x0000000000000726       0x34 /opt/st/stm32cubeide_1.11.2/plugins/com.st.stm32cube.ide.mcu.externaltools.gnu-tools-for-stm32.10.3-2021.10.linux64_1.0.100.202210260954/tools/bin/../lib/gcc/arm-none-eabi/10.3.1/../../../../arm-none-eabi/lib/thumb/v7e-m+fp/hard/libc_nano.a(lib_a-nano-vfprintf_i.o)
 .ARM.attributes
                0x000000000000075a       0x34 /opt/st/stm32cubeide_1.11.2/plugins/com.st.stm32cube.ide.mcu.externaltools.gnu-tools-for-stm32.10.3-2021.10.linux64_1.0.100.202210260954/tools/bin/../lib/gcc/arm-none-eabi/10.3.1/../../../../arm-none-eabi/lib/thumb/v7e-m+fp/hard/libc_nano.a(lib_a-reent.o)
 .ARM.attributes
                0x000000000000078e       0x34 /opt/st/stm32cubeide_1.11.2/plugins/com.st.stm32cube.ide.mcu.externaltools.gnu-tools-for-stm32.10.3-2021.10.linux64_1.0.100.202210260954/tools/bin/../lib/gcc/arm-none-eabi/10.3.1/../../../../arm-none-eabi/lib/thumb/v7e-m+fp/hard/libc_nano.a(lib_a-lock.o)
 .ARM.attributes
                0x00000000000007c2       0x1c /opt/st/stm32cubeide_1.11.2/plugins/com.st.stm32cube.ide.mcu.externaltools.gnu-tools-for-stm32.10.3-2021.10.linux64_1.0.100.202210260954/tools/bin/../lib/gcc/arm-none-eabi/10.3.1/../../../../arm-none-eabi/lib/thumb/v7e-m+fp/hard/libc_nano.a(lib_a-memchr.o)
 .ARM.attributes
                0x00000000000007de       0x34 /opt/st/stm32cubeide_1.11.2/plugins/com.st.stm32cube.ide.mcu.externaltools.gnu-tools-for-stm32.10.3-2021.10.linux64_1.0.100.202210260954/tools/bin/../lib/gcc/arm-none-eabi/10.3.1/../../../../arm-none-eabi/lib/thumb/v7e-m+fp/hard/libc_nano.a(lib_a-memcpy-stub.o)
 .ARM.attributes
                0x0000000000000812       0x34 /opt/st/stm32cubeide_1.11.2/plugins/com.st.stm32cube.ide.mcu.externaltools.gnu-tools-for-stm32.10.3-2021.10.linux64_1.0.100.202210260954/tools/bin/../lib/gcc/arm-none-eabi/10.3.1/../../../../arm-none-eabi/lib/thumb/v7e-m+fp/hard/libc_nano.a(lib_a-memmove.o)
 .ARM.attributes
                0x0000000000000846       0x34 /opt/st/stm32cubeide_1.11.2/plugins/com.st.stm32cube.ide.mcu.externaltools.gnu-tools-for-stm32.10.3-2021.10.linux64_1.0.100.202210260954/tools/bin/../lib/gcc/arm-none-eabi/10.3.1/../../../../arm-none-eabi/lib/thumb/v7e-m+fp/hard/libc_nano.a(lib_a-nano-reallocr.o)
 .ARM.attributes
                0x000000000000087a       0x34 /opt/st/stm32cubeide_1.11.2/plugins/com.st.stm32cube.ide.mcu.externaltools.gnu-tools-for-stm32.10.3-2021.10.linux64_1.0.100.202210260954/tools/bin/../lib/gcc/arm-none-eabi/10.3.1/../../../../arm-none-eabi/lib/thumb/v7e-m+fp/hard/libc_nano.a(lib_a-nano-msizer.o)
 .ARM.attributes
                0x00000000000008ae       0x1e /opt/st/stm32cubeide_1.11.2/plugins/com.st.stm32cube.ide.mcu.externaltools.gnu-tools-for-stm32.10.3-2021.10.linux64_1.0.100.202210260954/tools/bin/../lib/gcc/arm-none-eabi/10.3.1/thumb/v7e-m+fp/hard/crtn.o
OUTPUT(final_prj.elf elf32-littlearm)
LOAD linker stubs
LOAD /opt/st/stm32cubeide_1.11.2/plugins/com.st.stm32cube.ide.mcu.externaltools.gnu-tools-for-stm32.10.3-2021.10.linux64_1.0.100.202210260954/tools/bin/../lib/gcc/arm-none-eabi/10.3.1/../../../../arm-none-eabi/lib/thumb/v7e-m+fp/hard/libc.a
LOAD /opt/st/stm32cubeide_1.11.2/plugins/com.st.stm32cube.ide.mcu.externaltools.gnu-tools-for-stm32.10.3-2021.10.linux64_1.0.100.202210260954/tools/bin/../lib/gcc/arm-none-eabi/10.3.1/../../../../arm-none-eabi/lib/thumb/v7e-m+fp/hard/libm.a
LOAD /opt/st/stm32cubeide_1.11.2/plugins/com.st.stm32cube.ide.mcu.externaltools.gnu-tools-for-stm32.10.3-2021.10.linux64_1.0.100.202210260954/tools/bin/../lib/gcc/arm-none-eabi/10.3.1/thumb/v7e-m+fp/hard/libgcc.a

.debug_info     0x0000000000000000    0x13ae5
 .debug_info    0x0000000000000000      0xa47 ./Core/Src/LiquidCrystal.o
 .debug_info    0x0000000000000a47     0x2c51 ./Core/Src/main.o
 .debug_info    0x0000000000003698      0x386 ./Core/Src/program.o
 .debug_info    0x0000000000003a1e     0x13cb ./Core/Src/stm32f3xx_hal_msp.o
 .debug_info    0x0000000000004de9      0xe6a ./Core/Src/stm32f3xx_it.o
 .debug_info    0x0000000000005c53      0x171 ./Core/Src/sysmem.o
 .debug_info    0x0000000000005dc4      0x416 ./Core/Src/system_stm32f3xx.o
 .debug_info    0x00000000000061da       0x22 ./Core/Startup/startup_stm32f303vctx.o
 .debug_info    0x00000000000061fc      0x807 ./Drivers/STM32F3xx_HAL_Driver/Src/stm32f3xx_hal.o
 .debug_info    0x0000000000006a03      0xd85 ./Drivers/STM32F3xx_HAL_Driver/Src/stm32f3xx_hal_cortex.o
 .debug_info    0x0000000000007788      0x757 ./Drivers/STM32F3xx_HAL_Driver/Src/stm32f3xx_hal_dma.o
 .debug_info    0x0000000000007edf      0x68a ./Drivers/STM32F3xx_HAL_Driver/Src/stm32f3xx_hal_gpio.o
 .debug_info    0x0000000000008569     0x1585 ./Drivers/STM32F3xx_HAL_Driver/Src/stm32f3xx_hal_rcc.o
 .debug_info    0x0000000000009aee      0x628 ./Drivers/STM32F3xx_HAL_Driver/Src/stm32f3xx_hal_rcc_ex.o
 .debug_info    0x000000000000a116      0xd31 ./Drivers/STM32F3xx_HAL_Driver/Src/stm32f3xx_hal_rtc.o
 .debug_info    0x000000000000ae47     0x2cdb ./Drivers/STM32F3xx_HAL_Driver/Src/stm32f3xx_hal_tim.o
 .debug_info    0x000000000000db22     0x16a8 ./Drivers/STM32F3xx_HAL_Driver/Src/stm32f3xx_hal_tim_ex.o
 .debug_info    0x000000000000f1ca     0x3bf8 ./Drivers/STM32F3xx_HAL_Driver/Src/stm32f3xx_hal_uart.o
 .debug_info    0x0000000000012dc2      0xd23 ./Drivers/STM32F3xx_HAL_Driver/Src/stm32f3xx_hal_uart_ex.o

.debug_abbrev   0x0000000000000000     0x2990
 .debug_abbrev  0x0000000000000000      0x283 ./Core/Src/LiquidCrystal.o
 .debug_abbrev  0x0000000000000283      0x456 ./Core/Src/main.o
 .debug_abbrev  0x00000000000006d9      0x1d5 ./Core/Src/program.o
 .debug_abbrev  0x00000000000008ae      0x23a ./Core/Src/stm32f3xx_hal_msp.o
 .debug_abbrev  0x0000000000000ae8      0x298 ./Core/Src/stm32f3xx_it.o
 .debug_abbrev  0x0000000000000d80       0xbb ./Core/Src/sysmem.o
 .debug_abbrev  0x0000000000000e3b      0x116 ./Core/Src/system_stm32f3xx.o
 .debug_abbrev  0x0000000000000f51       0x12 ./Core/Startup/startup_stm32f303vctx.o
 .debug_abbrev  0x0000000000000f63      0x20e ./Drivers/STM32F3xx_HAL_Driver/Src/stm32f3xx_hal.o
 .debug_abbrev  0x0000000000001171      0x316 ./Drivers/STM32F3xx_HAL_Driver/Src/stm32f3xx_hal_cortex.o
 .debug_abbrev  0x0000000000001487      0x1fe ./Drivers/STM32F3xx_HAL_Driver/Src/stm32f3xx_hal_dma.o
 .debug_abbrev  0x0000000000001685      0x1bb ./Drivers/STM32F3xx_HAL_Driver/Src/stm32f3xx_hal_gpio.o
 .debug_abbrev  0x0000000000001840      0x2f9 ./Drivers/STM32F3xx_HAL_Driver/Src/stm32f3xx_hal_rcc.o
 .debug_abbrev  0x0000000000001b39      0x240 ./Drivers/STM32F3xx_HAL_Driver/Src/stm32f3xx_hal_rcc_ex.o
 .debug_abbrev  0x0000000000001d79      0x1e0 ./Drivers/STM32F3xx_HAL_Driver/Src/stm32f3xx_hal_rtc.o
 .debug_abbrev  0x0000000000001f59      0x264 ./Drivers/STM32F3xx_HAL_Driver/Src/stm32f3xx_hal_tim.o
 .debug_abbrev  0x00000000000021bd      0x26c ./Drivers/STM32F3xx_HAL_Driver/Src/stm32f3xx_hal_tim_ex.o
 .debug_abbrev  0x0000000000002429      0x2bc ./Drivers/STM32F3xx_HAL_Driver/Src/stm32f3xx_hal_uart.o
 .debug_abbrev  0x00000000000026e5      0x2ab ./Drivers/STM32F3xx_HAL_Driver/Src/stm32f3xx_hal_uart_ex.o

.debug_aranges  0x0000000000000000     0x10c0
 .debug_aranges
                0x0000000000000000       0xf8 ./Core/Src/LiquidCrystal.o
 .debug_aranges
                0x00000000000000f8      0x168 ./Core/Src/main.o
 .debug_aranges
                0x0000000000000260       0x50 ./Core/Src/program.o
 .debug_aranges
                0x00000000000002b0       0x58 ./Core/Src/stm32f3xx_hal_msp.o
 .debug_aranges
                0x0000000000000308       0xd8 ./Core/Src/stm32f3xx_it.o
 .debug_aranges
                0x00000000000003e0       0x20 ./Core/Src/sysmem.o
 .debug_aranges
                0x0000000000000400       0x28 ./Core/Src/system_stm32f3xx.o
 .debug_aranges
                0x0000000000000428       0x28 ./Core/Startup/startup_stm32f303vctx.o
 .debug_aranges
                0x0000000000000450       0xe0 ./Drivers/STM32F3xx_HAL_Driver/Src/stm32f3xx_hal.o
 .debug_aranges
                0x0000000000000530      0x118 ./Drivers/STM32F3xx_HAL_Driver/Src/stm32f3xx_hal_cortex.o
 .debug_aranges
                0x0000000000000648       0x88 ./Drivers/STM32F3xx_HAL_Driver/Src/stm32f3xx_hal_dma.o
 .debug_aranges
                0x00000000000006d0       0x58 ./Drivers/STM32F3xx_HAL_Driver/Src/stm32f3xx_hal_gpio.o
 .debug_aranges
                0x0000000000000728       0x88 ./Drivers/STM32F3xx_HAL_Driver/Src/stm32f3xx_hal_rcc.o
 .debug_aranges
                0x00000000000007b0       0x38 ./Drivers/STM32F3xx_HAL_Driver/Src/stm32f3xx_hal_rcc_ex.o
 .debug_aranges
                0x00000000000007e8       0xe8 ./Drivers/STM32F3xx_HAL_Driver/Src/stm32f3xx_hal_rtc.o
 .debug_aranges
                0x00000000000008d0      0x3e0 ./Drivers/STM32F3xx_HAL_Driver/Src/stm32f3xx_hal_tim.o
 .debug_aranges
                0x0000000000000cb0      0x178 ./Drivers/STM32F3xx_HAL_Driver/Src/stm32f3xx_hal_tim_ex.o
 .debug_aranges
                0x0000000000000e28      0x228 ./Drivers/STM32F3xx_HAL_Driver/Src/stm32f3xx_hal_uart.o
 .debug_aranges
                0x0000000000001050       0x70 ./Drivers/STM32F3xx_HAL_Driver/Src/stm32f3xx_hal_uart_ex.o

.debug_ranges   0x0000000000000000     0x1018
 .debug_ranges  0x0000000000000000       0xe8 ./Core/Src/LiquidCrystal.o
 .debug_ranges  0x00000000000000e8      0x170 ./Core/Src/main.o
 .debug_ranges  0x0000000000000258       0x40 ./Core/Src/program.o
 .debug_ranges  0x0000000000000298       0x48 ./Core/Src/stm32f3xx_hal_msp.o
 .debug_ranges  0x00000000000002e0      0x100 ./Core/Src/stm32f3xx_it.o
 .debug_ranges  0x00000000000003e0       0x10 ./Core/Src/sysmem.o
 .debug_ranges  0x00000000000003f0       0x18 ./Core/Src/system_stm32f3xx.o
 .debug_ranges  0x0000000000000408       0x20 ./Core/Startup/startup_stm32f303vctx.o
 .debug_ranges  0x0000000000000428       0xd0 ./Drivers/STM32F3xx_HAL_Driver/Src/stm32f3xx_hal.o
 .debug_ranges  0x00000000000004f8      0x108 ./Drivers/STM32F3xx_HAL_Driver/Src/stm32f3xx_hal_cortex.o
 .debug_ranges  0x0000000000000600       0x78 ./Drivers/STM32F3xx_HAL_Driver/Src/stm32f3xx_hal_dma.o
 .debug_ranges  0x0000000000000678       0x48 ./Drivers/STM32F3xx_HAL_Driver/Src/stm32f3xx_hal_gpio.o
 .debug_ranges  0x00000000000006c0       0x78 ./Drivers/STM32F3xx_HAL_Driver/Src/stm32f3xx_hal_rcc.o
 .debug_ranges  0x0000000000000738       0x28 ./Drivers/STM32F3xx_HAL_Driver/Src/stm32f3xx_hal_rcc_ex.o
 .debug_ranges  0x0000000000000760       0xd8 ./Drivers/STM32F3xx_HAL_Driver/Src/stm32f3xx_hal_rtc.o
 .debug_ranges  0x0000000000000838      0x3d0 ./Drivers/STM32F3xx_HAL_Driver/Src/stm32f3xx_hal_tim.o
 .debug_ranges  0x0000000000000c08      0x168 ./Drivers/STM32F3xx_HAL_Driver/Src/stm32f3xx_hal_tim_ex.o
 .debug_ranges  0x0000000000000d70      0x248 ./Drivers/STM32F3xx_HAL_Driver/Src/stm32f3xx_hal_uart.o
 .debug_ranges  0x0000000000000fb8       0x60 ./Drivers/STM32F3xx_HAL_Driver/Src/stm32f3xx_hal_uart_ex.o

.debug_macro    0x0000000000000000    0x1f590
 .debug_macro   0x0000000000000000      0x388 ./Core/Src/LiquidCrystal.o
 .debug_macro   0x0000000000000388      0xa78 ./Core/Src/LiquidCrystal.o
 .debug_macro   0x0000000000000e00      0x15d ./Core/Src/LiquidCrystal.o
 .debug_macro   0x0000000000000f5d       0x2e ./Core/Src/LiquidCrystal.o
 .debug_macro   0x0000000000000f8b       0x28 ./Core/Src/LiquidCrystal.o
 .debug_macro   0x0000000000000fb3       0x22 ./Core/Src/LiquidCrystal.o
 .debug_macro   0x0000000000000fd5       0x8e ./Core/Src/LiquidCrystal.o
 .debug_macro   0x0000000000001063       0x51 ./Core/Src/LiquidCrystal.o
 .debug_macro   0x00000000000010b4      0x103 ./Core/Src/LiquidCrystal.o
 .debug_macro   0x00000000000011b7       0x6a ./Core/Src/LiquidCrystal.o
 .debug_macro   0x0000000000001221      0x1df ./Core/Src/LiquidCrystal.o
 .debug_macro   0x0000000000001400       0x1c ./Core/Src/LiquidCrystal.o
 .debug_macro   0x000000000000141c       0x22 ./Core/Src/LiquidCrystal.o
 .debug_macro   0x000000000000143e       0xd9 ./Core/Src/LiquidCrystal.o
 .debug_macro   0x0000000000001517     0x102d ./Core/Src/LiquidCrystal.o
 .debug_macro   0x0000000000002544      0x11f ./Core/Src/LiquidCrystal.o
 .debug_macro   0x0000000000002663    0x12a3a ./Core/Src/LiquidCrystal.o
 .debug_macro   0x000000000001509d       0x6d ./Core/Src/LiquidCrystal.o
 .debug_macro   0x000000000001510a     0x3558 ./Core/Src/LiquidCrystal.o
 .debug_macro   0x0000000000018662      0x174 ./Core/Src/LiquidCrystal.o
 .debug_macro   0x00000000000187d6       0x55 ./Core/Src/LiquidCrystal.o
 .debug_macro   0x000000000001882b      0x961 ./Core/Src/LiquidCrystal.o
 .debug_macro   0x000000000001918c      0x5fe ./Core/Src/LiquidCrystal.o