../Core/Src/main.c:224:6:setScore	72	static
../Core/Src/main.c:231:6:parser	16	static
../Core/Src/main.c:299:6:HAL_UART_TxCpltCallback	16	static
../Core/Src/main.c:305:6:HAL_UART_RxCpltCallback	16	static
../Core/Src/main.c:319:6:HAL_GPIO_EXTI_Callback	32	static
../Core/Src/main.c:551:6:HAL_TIM_PeriodElapsedCallback	24	static
../Core/Src/main.c:577:5:main	40	static
../Core/Src/main.c:715:6:SystemClock_Config	128	static
../Core/Src/main.c:762:13:MX_RTC_Init	32	static
../Core/Src/main.c:821:13:MX_TIM1_Init	40	static
../Core/Src/main.c:865:13:MX_TIM2_Init	64	static
../Core/Src/main.c:920:13:MX_USART3_UART_Init	8	static
../Core/Src/main.c:953:13:MX_GPIO_Init	56	static
../Core/Src/main.c:1090:6:begin_page	8	static
../Core/Src/main.c:1097:6:menuDisplay	8	static
../Core/Src/main.c:1110:6:play_song	8	static
../Core/Src/main.c:1115:6:aboutUs_page	64	static
../Core/Src/main.c:1140:6:setting_page	32	static
../Core/Src/main.c:1172:6:setRtcTime	8	static
../Core/Src/main.c:1190:6:setSettingValues	16	static
../Core/Src/main.c:1208:6:changePointer	24	static
../Core/Src/main.c:1218:6:customCharsCreate	8	static
../Core/Src/main.c:1229:6:initPlayers	72	static
../Core/Src/main.c:1240:6:initGamePage	136	static
../Core/Src/main.c:1276:6:refresh	40	static
../Core/Src/main.c:1417:6:shoot	24	static
../Core/Src/main.c:1443:6:move	40	static
../Core/Src/main.c:1500:6:finaltime	8	static
../Core/Src/main.c:1548:5:hasBullet	16	static
../Core/Src/main.c:1555:6:generateQM	16	static
../Core/Src/main.c:1567:6:checkItemExist	24	static
../Core/Src/main.c:1586:5:checkMovePossible	24	static
../Core/Src/main.c:1599:6:rotateDirection90	32	static
../Core/Src/main.c:1659:5:isDuplicate	32	static
../Core/Src/main.c:1674:6:generatePairs	48	static
../Core/Src/main.c:1691:6:copyArray	16	static
../Core/Src/main.c:1699:6:emptyArray	16	static
../Core/Src/main.c:1708:6:increaseBullet	16	static
../Core/Src/main.c:1714:6:decreaseBullet	16	static
../Core/Src/main.c:1720:6:increaseHealth	16	static
../Core/Src/main.c:1726:6:decreaseHealth	16	static
../Core/Src/main.c:1740:6:Error_Handler	4	static,ignoring_inline_asm
