../Core/Src/stm32f3xx_it.c:140:6:PWM_Start	8	static
../Core/Src/stm32f3xx_it.c:144:6:PWM_Stop	8	static
../Core/Src/stm32f3xx_it.c:148:6:PWM_Change_Tone	40	static
../Core/Src/stm32f3xx_it.c:166:6:call_change_melody	8	static
../Core/Src/stm32f3xx_it.c:171:6:Change_Melody	16	static
../Core/Src/stm32f3xx_it.c:178:6:Update_Melody	16	static
../Core/Src/stm32f3xx_it.c:206:6:NMI_Handler	4	static
../Core/Src/stm32f3xx_it.c:219:6:HardFault_Handler	4	static
../Core/Src/stm32f3xx_it.c:232:6:MemManage_Handler	4	static
../Core/Src/stm32f3xx_it.c:245:6:BusFault_Handler	4	static
../Core/Src/stm32f3xx_it.c:258:6:UsageFault_Handler	4	static
../Core/Src/stm32f3xx_it.c:271:6:SVC_Handler	4	static
../Core/Src/stm32f3xx_it.c:283:6:DebugMon_Handler	4	static
../Core/Src/stm32f3xx_it.c:295:6:PendSV_Handler	4	static
../Core/Src/stm32f3xx_it.c:307:6:SysTick_Handler	8	static
../Core/Src/stm32f3xx_it.c:327:6:EXTI1_IRQHandler	8	static
../Core/Src/stm32f3xx_it.c:340:6:EXTI2_TSC_IRQHandler	8	static
../Core/Src/stm32f3xx_it.c:353:6:EXTI3_IRQHandler	8	static
../Core/Src/stm32f3xx_it.c:366:6:EXTI4_IRQHandler	8	static
../Core/Src/stm32f3xx_it.c:379:6:TIM1_BRK_TIM15_IRQHandler	8	static
../Core/Src/stm32f3xx_it.c:392:6:TIM1_UP_TIM16_IRQHandler	8	static
../Core/Src/stm32f3xx_it.c:405:6:TIM1_TRG_COM_TIM17_IRQHandler	8	static
../Core/Src/stm32f3xx_it.c:418:6:TIM1_CC_IRQHandler	8	static
../Core/Src/stm32f3xx_it.c:431:6:USART3_IRQHandler	8	static
